Component: ARM Compiler 5.05 update 1 (build 106) Tool: armlink [4d0efa]

==============================================================================

Section Cross References

    main.o(.text) refers to rc522_function.o(.text) for PcdRequest
    main.o(.text) refers to printf8.o(i.__0sprintf$8) for __2sprintf
    main.o(.text) refers to printf8.o(i.__0printf$8) for __2printf
    main.o(.text) refers to tasks.o(.text) for vTaskResume
    main.o(.text) refers to stm32f10x_gpio.o(.text) for GPIO_ResetBits
    main.o(.text) refers to lv_task.o(.text) for lv_task_handler
    main.o(.text) refers to queue.o(.text) for xQueueGenericReceive
    main.o(.text) refers to strlen.o(.text) for strlen
    main.o(.text) refers to usart3.o(.text) for USART3_Send_Data
    main.o(.text) refers to gauge_win.o(.text) for gauge_update
    main.o(.text) refers to chart_win.o(.text) for temperture1_add
    main.o(.text) refers to industry_win.o(.text) for industry_add
    main.o(.text) refers to usart2.o(.text) for USART2_Send_Data
    main.o(.text) refers to port.o(.text) for vPortEnterCritical
    main.o(.text) refers to delay.o(.text) for delay_init
    main.o(.text) refers to misc.o(.text) for NVIC_PriorityGroupConfig
    main.o(.text) refers to usart.o(.text) for uart_init
    main.o(.text) refers to main.o(.data) for ScreenTask_Handler
    main.o(.text) refers to touch.o(.data) for tp_dev
    main.o(.text) refers to led.o(.text) for LED_Init
    main.o(.text) refers to lcd.o(.text) for LCD_Init
    main.o(.text) refers to key.o(.text) for KEY_Init
    main.o(.text) refers to rc522_config.o(.text) for RC522_Init
    main.o(.text) refers to lv_obj.o(.text) for lv_init
    main.o(.text) refers to lv_port_disp.o(.text) for lv_port_disp_init
    main.o(.text) refers to lv_port_indev.o(.text) for lv_port_indev_init
    main.o(.text) refers to ui_app.o(.text) for ui_app_start
    system_stm32f10x.o(.text) refers to system_stm32f10x.o(.data) for SystemCoreClock
    led.o(.text) refers to stm32f10x_rcc.o(.text) for RCC_APB2PeriphClockCmd
    led.o(.text) refers to stm32f10x_gpio.o(.text) for GPIO_Init
    key.o(.text) refers to stm32f10x_rcc.o(.text) for RCC_APB2PeriphClockCmd
    key.o(.text) refers to stm32f10x_gpio.o(.text) for GPIO_Init
    key.o(.text) refers to delay.o(.text) for delay_ms
    key.o(.text) refers to key.o(.data) for key_up
    lcd.o(.text) refers to delay.o(.text) for delay_us
    lcd.o(.text) refers to lcd.o(.bss) for lcddev
    lcd.o(.text) refers to lcd.o(.data) for POINT_COLOR
    lcd.o(.text) refers to dfltui.o(.text) for __aeabi_ui2d
    lcd.o(.text) refers to dmul.o(.text) for __aeabi_dmul
    lcd.o(.text) refers to dfixui.o(.text) for __aeabi_d2uiz
    lcd.o(.text) refers to stm32f10x_rcc.o(.text) for RCC_AHBPeriphClockCmd
    lcd.o(.text) refers to stm32f10x_gpio.o(.text) for GPIO_Init
    lcd.o(.text) refers to stm32f10x_fsmc.o(.text) for FSMC_NORSRAMInit
    lcd.o(.text) refers to printf8.o(i.__0printf$8) for __2printf
    lcd.o(.text) refers to lcd.o(.constdata) for asc2_1206
    touch.o(.text) refers to delay.o(.text) for delay_us
    touch.o(.text) refers to lcd.o(.text) for LCD_DrawLine
    touch.o(.text) refers to fflti.o(.text) for __aeabi_i2f
    touch.o(.text) refers to ffltui.o(.text) for __aeabi_ui2f
    touch.o(.text) refers to fmul.o(.text) for __aeabi_fmul
    touch.o(.text) refers to fadd.o(.text) for __aeabi_fadd
    touch.o(.text) refers to ffixui.o(.text) for __aeabi_f2uiz
    touch.o(.text) refers to 24cxx.o(.text) for AT24CXX_Write
    touch.o(.text) refers to touch.o(.data) for CMD_RDX
    touch.o(.text) refers to lcd.o(.data) for POINT_COLOR
    touch.o(.text) refers to dfltui.o(.text) for __aeabi_ui2d
    touch.o(.text) refers to sqrt.o(i.sqrt) for sqrt
    touch.o(.text) refers to dfixui.o(.text) for __aeabi_d2uiz
    touch.o(.text) refers to fdiv.o(.text) for __aeabi_fdiv
    touch.o(.text) refers to f2d.o(.text) for __aeabi_f2d
    touch.o(.text) refers to cdcmple.o(.text) for __aeabi_cdcmple
    touch.o(.text) refers to cdrcmple.o(.text) for __aeabi_cdrcmple
    touch.o(.text) refers to lcd.o(.bss) for lcddev
    touch.o(.text) refers to touch.o(.constdata) for TP_REMIND_MSG_TBL
    touch.o(.text) refers to dmul.o(.text) for __aeabi_dmul
    touch.o(.text) refers to ffixi.o(.text) for __aeabi_f2iz
    touch.o(.text) refers to stm32f10x_rcc.o(.text) for RCC_APB2PeriphClockCmd
    touch.o(.text) refers to stm32f10x_gpio.o(.text) for GPIO_Init
    touch.o(.constdata) refers to touch.o(.conststring) for .conststring
    touch.o(.data) refers to touch.o(.text) for TP_Init
    myiic.o(.text) refers to stm32f10x_rcc.o(.text) for RCC_APB2PeriphClockCmd
    myiic.o(.text) refers to stm32f10x_gpio.o(.text) for GPIO_Init
    myiic.o(.text) refers to delay.o(.text) for delay_us
    24cxx.o(.text) refers to myiic.o(.text) for IIC_Init
    24cxx.o(.text) refers to delay.o(.text) for delay_ms
    usart3.o(.text) refers to stm32f10x_rcc.o(.text) for RCC_APB2PeriphClockCmd
[...]
    lv_refr_get_disp_refreshing              0x0800be5b   Thumb Code     6  lv_refr.o(.text)
    lv_disp_refr_task                        0x0800c3b1   Thumb Code   344  lv_refr.o(.text)
    lv_refr_now                              0x0800c509   Thumb Code    46  lv_refr.o(.text)
    lv_inv_area                              0x0800c537   Thumb Code   222  lv_refr.o(.text)
    lv_refr_set_disp_refreshing              0x0800c615   Thumb Code     6  lv_refr.o(.text)
    lv_style_copy                            0x0800c6f5   Thumb Code    18  lv_style.o(.text)
    lv_style_init                            0x0800c707   Thumb Code  1352  lv_style.o(.text)
    lv_style_mix                             0x0800cc4f   Thumb Code   954  lv_style.o(.text)
    lv_style_anim_init                       0x0800d049   Thumb Code    80  lv_style.o(.text)
    lv_style_anim_set_styles                 0x0800d099   Thumb Code    52  lv_style.o(.text)
    lv_theme_night_init                      0x0800e2bf   Thumb Code   180  lv_theme_night.o(.text)
    lv_theme_get_night                       0x0800e373   Thumb Code     4  lv_theme_night.o(.text)
    lv_disp_drv_init                         0x0800e3a9   Thumb Code    66  lv_hal_disp.o(.text)
    lv_disp_buf_init                         0x0800e3eb   Thumb Code    34  lv_hal_disp.o(.text)
    lv_disp_drv_register                     0x0800e40d   Thumb Code   184  lv_hal_disp.o(.text)
    lv_disp_get_default                      0x0800e4c5   Thumb Code     6  lv_hal_disp.o(.text)
    lv_disp_get_ver_res                      0x0800e4cb   Thumb Code    40  lv_hal_disp.o(.text)
    lv_disp_get_hor_res                      0x0800e4f3   Thumb Code    38  lv_hal_disp.o(.text)
    lv_disp_drv_update                       0x0800e519   Thumb Code    76  lv_hal_disp.o(.text)
    lv_disp_set_default                      0x0800e565   Thumb Code     6  lv_hal_disp.o(.text)
    lv_disp_remove                           0x0800e56b   Thumb Code    82  lv_hal_disp.o(.text)
    lv_disp_get_antialiasing                 0x0800e5bd   Thumb Code    26  lv_hal_disp.o(.text)
    lv_disp_flush_ready                      0x0800e5d7   Thumb Code    14  lv_hal_disp.o(.text)
    lv_disp_get_next                         0x0800e5e5   Thumb Code    24  lv_hal_disp.o(.text)
    lv_disp_get_buf                          0x0800e5fd   Thumb Code     6  lv_hal_disp.o(.text)
    lv_disp_get_inv_buf_size                 0x0800e603   Thumb Code    12  lv_hal_disp.o(.text)
    lv_disp_pop_from_inv_buf                 0x0800e60f   Thumb Code    36  lv_hal_disp.o(.text)
    lv_disp_is_double_buf                    0x0800e633   Thumb Code    22  lv_hal_disp.o(.text)
    lv_disp_is_true_double_buf               0x0800e649   Thumb Code    40  lv_hal_disp.o(.text)
    lv_indev_drv_init                        0x0800e685   Thumb Code    36  lv_hal_indev.o(.text)
    lv_indev_drv_register                    0x0800e6a9   Thumb Code   100  lv_hal_indev.o(.text)
    lv_indev_drv_update                      0x0800e70d   Thumb Code    18  lv_hal_indev.o(.text)
    lv_indev_get_next                        0x0800e71f   Thumb Code    24  lv_hal_indev.o(.text)
    lv_indev_read                            0x0800e737   Thumb Code    62  lv_hal_indev.o(.text)
    lv_tick_inc                              0x0800e77d   Thumb Code    18  lv_hal_tick.o(.text)
    lv_tick_get                              0x0800e78f   Thumb Code    22  lv_hal_tick.o(.text)
    lv_tick_elaps                            0x0800e7a5   Thumb Code    26  lv_hal_tick.o(.text)
    lv_draw_get_buf                          0x0800e7c9   Thumb Code    84  lv_draw.o(.text)
    lv_draw_free_buf                         0x0800e81d   Thumb Code    28  lv_draw.o(.text)
    lv_draw_aa_get_opa                       0x0800e839   Thumb Code    48  lv_draw.o(.text)
    lv_draw_aa_ver_seg                       0x0800e869   Thumb Code    92  lv_draw.o(.text)
    lv_draw_aa_hor_seg                       0x0800e8c5   Thumb Code    92  lv_draw.o(.text)
    lv_draw_px                               0x0800e9a9   Thumb Code   214  lv_draw_basic.o(.text)
    lv_draw_fill                             0x0800ebc7   Thumb Code   156  lv_draw_basic.o(.text)
    lv_draw_letter                           0x0800ec63   Thumb Code   846  lv_draw_basic.o(.text)
    lv_draw_map                              0x0800f001   Thumb Code   796  lv_draw_basic.o(.text)
    lv_img_color_format_has_alpha            0x0800f32d   Thumb Code    56  lv_draw_img.o(.text)
    lv_img_color_format_is_chroma_keyed      0x0800f365   Thumb Code    44  lv_draw_img.o(.text)
    lv_draw_img                              0x0800f511   Thumb Code   140  lv_draw_img.o(.text)
    lv_img_color_format_get_px_size          0x0800f59d   Thumb Code    76  lv_draw_img.o(.text)
    lv_img_buf_get_px_color                  0x0800f5e9   Thumb Code   426  lv_draw_img.o(.text)
    lv_img_buf_get_px_alpha                  0x0800f793   Thumb Code   362  lv_draw_img.o(.text)
    lv_img_buf_set_px_color                  0x0800f8fd   Thumb Code   378  lv_draw_img.o(.text)
    lv_img_buf_set_px_alpha                  0x0800fa77   Thumb Code   320  lv_draw_img.o(.text)
    lv_img_buf_set_palette                   0x0800fbb7   Thumb Code   146  lv_draw_img.o(.text)
    lv_img_src_get_type                      0x0800fc49   Thumb Code    42  lv_draw_img.o(.text)
    lv_draw_label                            0x0800fcd1   Thumb Code  1238  lv_draw_label.o(.text)
    lv_draw_line                             0x0801130f   Thumb Code   826  lv_draw_line.o(.text)
    lv_draw_rect                             0x080142bd   Thumb Code   144  lv_draw_rect.o(.text)
    tri_draw_flat                            0x08014397   Thumb Code  1112  lv_draw_triangle.o(.text)
    tri_draw_tall                            0x080147ef   Thumb Code   928  lv_draw_triangle.o(.text)
    lv_draw_triangle                         0x08014b8f   Thumb Code   442  lv_draw_triangle.o(.text)
    lv_draw_polygon                          0x08014d49   Thumb Code   108  lv_draw_triangle.o(.text)
    lv_img_cache_open                        0x08014db5   Thumb Code   290  lv_img_cache.o(.text)
    lv_img_cache_invalidate_src              0x08014ed7   Thumb Code    94  lv_img_cache.o(.text)
    lv_img_cache_set_size                    0x08014f35   Thumb Code   122  lv_img_cache.o(.text)
    lv_img_decoder_built_in_close            0x08014fbd   Thumb Code    32  lv_img_decoder.o(.text)
    lv_img_decoder_set_close_cb              0x08014fdd   Thumb Code     4  lv_img_decoder.o(.text)
    lv_img_decoder_built_in_read_line        0x080152f7   Thumb Code   200  lv_img_decoder.o(.text)
    lv_img_decoder_set_read_line_cb          0x080153bf   Thumb Code     4  lv_img_decoder.o(.text)
    lv_img_decoder_built_in_open             0x080153c3   Thumb Code   294  lv_img_decoder.o(.text)
    lv_img_decoder_set_open_cb               0x080154e9   Thumb Code     4  lv_img_decoder.o(.text)
    lv_img_decoder_built_in_info             0x080154ed   Thumb Code   148  lv_img_decoder.o(.text)
    lv_img_decoder_set_info_cb               0x08015581   Thumb Code     4  lv_img_decoder.o(.text)
    lv_img_decoder_create                    0x08015585   Thumb Code    36  lv_img_decoder.o(.text)
    lv_img_decoder_init                      0x080155a9   Thumb Code    70  lv_img_decoder.o(.text)
    lv_img_decoder_get_info                  0x080155ef   Thumb Code    74  lv_img_decoder.o(.text)
    lv_img_decoder_open                      0x08015639   Thumb Code   128  lv_img_decoder.o(.text)
    lv_img_decoder_read_line                 0x080156b9   Thumb Code    52  lv_img_decoder.o(.text)
    lv_img_decoder_close                     0x080156ed   Thumb Code    24  lv_img_decoder.o(.text)
    lv_img_decoder_delete                    0x08015705   Thumb Code    20  lv_img_decoder.o(.text)
    lv_font_get_bitmap_fmt_txt               0x080158bd   Thumb Code    52  lv_font_fmt_txt.o(.text)
    lv_font_get_glyph_dsc_fmt_txt            0x080159ff   Thumb Code   132  lv_font_fmt_txt.o(.text)
    lv_anim_core_init                        0x08015bff   Thumb Code    32  lv_anim.o(.text)
    lv_anim_path_linear                      0x08015c1f   Thumb Code    52  lv_anim.o(.text)
    lv_anim_init                             0x08015c53   Thumb Code    34  lv_anim.o(.text)
    lv_anim_del                              0x08015c75   Thumb Code    80  lv_anim.o(.text)
    lv_anim_create                           0x08015cc5   Thumb Code    80  lv_anim.o(.text)
    lv_anim_count_running                    0x08015d15   Thumb Code    40  lv_anim.o(.text)
    lv_anim_speed_to_time                    0x08015d3d   Thumb Code    48  lv_anim.o(.text)
    lv_anim_path_ease_in                     0x08015d6d   Thumb Code    72  lv_anim.o(.text)
    lv_anim_path_ease_out                    0x08015db5   Thumb Code    72  lv_anim.o(.text)
    lv_anim_path_ease_in_out                 0x08015dfd   Thumb Code    74  lv_anim.o(.text)
    lv_anim_path_overshoot                   0x08015e47   Thumb Code    76  lv_anim.o(.text)
    lv_anim_path_bounce                      0x08015e93   Thumb Code   256  lv_anim.o(.text)
    lv_anim_path_step                        0x08015f93   Thumb Code    24  lv_anim.o(.text)
    lv_area_set                              0x08015fab   Thumb Code    14  lv_area.o(.text)
    lv_area_set_width                        0x08015fb9   Thumb Code    12  lv_area.o(.text)
    lv_area_set_height                       0x08015fc5   Thumb Code    12  lv_area.o(.text)
    lv_area_set_pos                          0x08015fd1   Thumb Code    58  lv_area.o(.text)
    lv_area_get_size                         0x0801600b   Thumb Code    34  lv_area.o(.text)
    lv_area_intersect                        0x0801602d   Thumb Code   130  lv_area.o(.text)
    lv_area_join                             0x080160af   Thumb Code   100  lv_area.o(.text)
    lv_area_is_point_on                      0x08016113   Thumb Code    58  lv_area.o(.text)
    lv_area_is_on                            0x0801614d   Thumb Code    58  lv_area.o(.text)
    lv_area_is_in                            0x08016187   Thumb Code    58  lv_area.o(.text)
    lv_async_call                            0x080161d5   Thumb Code    66  lv_async.o(.text)
    lv_circ_init                             0x0801621d   Thumb Code    16  lv_circ.o(.text)
    lv_circ_cont                             0x0801622d   Thumb Code    22  lv_circ.o(.text)
    lv_circ_next                             0x08016243   Thumb Code    60  lv_circ.o(.text)
    lv_color_hsv_to_rgb                      0x080162af   Thumb Code   250  lv_color.o(.text)
    lv_color_rgb_to_hsv                      0x080163a9   Thumb Code   194  lv_color.o(.text)
    lv_ll_init                               0x0801646b   Thumb Code    22  lv_ll.o(.text)
    lv_ll_ins_head                           0x080164dd   Thumb Code    64  lv_ll.o(.text)
    lv_ll_get_prev                           0x0801651d   Thumb Code    20  lv_ll.o(.text)
    lv_ll_get_head                           0x08016531   Thumb Code    10  lv_ll.o(.text)
    lv_ll_ins_prev                           0x0801653b   Thumb Code   114  lv_ll.o(.text)
    lv_ll_ins_tail                           0x080165ad   Thumb Code    70  lv_ll.o(.text)
    lv_ll_get_next                           0x080165f3   Thumb Code    22  lv_ll.o(.text)
    lv_ll_get_tail                           0x08016609   Thumb Code    10  lv_ll.o(.text)
    lv_ll_rem                                0x08016613   Thumb Code   138  lv_ll.o(.text)
    lv_ll_clear                              0x0801669d   Thumb Code    48  lv_ll.o(.text)
    lv_ll_chg_list                           0x080166cd   Thumb Code   112  lv_ll.o(.text)
    lv_ll_get_len                            0x0801673d   Thumb Code    36  lv_ll.o(.text)
    lv_ll_swap                               0x08016761   Thumb Code     2  lv_ll.o(.text)
    lv_ll_move_before                        0x08016763   Thumb Code   106  lv_ll.o(.text)
    lv_ll_is_empty                           0x080167cd   Thumb Code    24  lv_ll.o(.text)
    lv_trigo_sin                             0x080167e5   Thumb Code   106  lv_math.o(.text)
    lv_bezier3                               0x0801684f   Thumb Code    94  lv_math.o(.text)
    lv_mem_init                              0x080168b1   Thumb Code    32  lv_mem.o(.text)
    lv_mem_alloc                             0x08016977   Thumb Code    70  lv_mem.o(.text)
    lv_mem_get_size                          0x080169bd   Thumb Code    26  lv_mem.o(.text)
    lv_mem_free                              0x080169d7   Thumb Code   110  lv_mem.o(.text)
    lv_mem_realloc                           0x08016a45   Thumb Code   108  lv_mem.o(.text)
    lv_mem_defrag                            0x08016ab1   Thumb Code   110  lv_mem.o(.text)
    lv_mem_monitor                           0x08016b1f   Thumb Code   132  lv_mem.o(.text)
    lv_task_enable                           0x08016bb1   Thumb Code     6  lv_task.o(.text)
    lv_task_core_init                        0x08016bb7   Thumb Code    18  lv_task.o(.text)
    lv_task_del                              0x08016bc9   Thumb Code    34  lv_task.o(.text)
    lv_task_handler                          0x08016c33   Thumb Code   330  lv_task.o(.text)
    lv_task_create_basic                     0x08016d7d   Thumb Code   156  lv_task.o(.text)
    lv_task_set_prio                         0x08016e19   Thumb Code    94  lv_task.o(.text)
    lv_task_set_period                       0x08016e77   Thumb Code     4  lv_task.o(.text)
    lv_task_set_cb                           0x08016e7b   Thumb Code     4  lv_task.o(.text)
    lv_task_create                           0x08016e7f   Thumb Code    62  lv_task.o(.text)
    lv_task_ready                            0x08016ebd   Thumb Code    18  lv_task.o(.text)
    lv_task_once                             0x08016ecf   Thumb Code    12  lv_task.o(.text)
    lv_task_reset                            0x08016edb   Thumb Code    12  lv_task.o(.text)
    lv_task_get_idle                         0x08016ee7   Thumb Code     6  lv_task.o(.text)
    lv_txt_is_cmd                            0x08016f15   Thumb Code    66  lv_txt.o(.text)
    lv_txt_get_width                         0x08016f57   Thumb Code   140  lv_txt.o(.text)
    lv_txt_get_next_line                     0x08016fe3   Thumb Code   272  lv_txt.o(.text)
    lv_txt_get_size                          0x080170f3   Thumb Code   204  lv_txt.o(.text)
    lv_txt_ins                               0x080171bf   Thumb Code    74  lv_txt.o(.text)
    lv_txt_cut                               0x08017209   Thumb Code    66  lv_txt.o(.text)
    lv_utils_num_to_str                      0x08017599   Thumb Code   128  lv_utils.o(.text)
    lv_utils_bsearch                         0x08017619   Thumb Code    84  lv_utils.o(.text)
    lv_btn_set_style                         0x0801766d   Thumb Code    76  lv_btn.o(.text)
    lv_btn_set_state                         0x080176ed   Thumb Code    46  lv_btn.o(.text)
    lv_btn_get_toggle                        0x0801771b   Thumb Code    20  lv_btn.o(.text)
    lv_btn_create                            0x0801794b   Thumb Code   294  lv_btn.o(.text)
    lv_btn_set_toggle                        0x08017a71   Thumb Code    24  lv_btn.o(.text)
    lv_btn_toggle                            0x08017a89   Thumb Code   124  lv_btn.o(.text)
    lv_btn_set_ink_in_time                   0x08017b05   Thumb Code     2  lv_btn.o(.text)
    lv_btn_set_ink_wait_time                 0x08017b07   Thumb Code     2  lv_btn.o(.text)
    lv_btn_set_ink_out_time                  0x08017b09   Thumb Code     2  lv_btn.o(.text)
    lv_btn_get_state                         0x08017b0b   Thumb Code    20  lv_btn.o(.text)
    lv_btn_get_ink_in_time                   0x08017b1f   Thumb Code     6  lv_btn.o(.text)
    lv_btn_get_ink_wait_time                 0x08017b25   Thumb Code     6  lv_btn.o(.text)
    lv_btn_get_ink_out_time                  0x08017b2b   Thumb Code     6  lv_btn.o(.text)
    lv_btn_get_style                         0x08017b31   Thumb Code   132  lv_btn.o(.text)
    lv_btnm_get_map_array                    0x08017bb5   Thumb Code    16  lv_btnm.o(.text)
    lv_btnm_get_style                        0x08017bd5   Thumb Code    74  lv_btnm.o(.text)
    lv_btnm_set_map                          0x08017d0b   Thumb Code   566  lv_btnm.o(.text)
    lv_btnm_set_style                        0x08017f41   Thumb Code    98  lv_btnm.o(.text)
    lv_btnm_set_btn_ctrl                     0x080183ef   Thumb Code    54  lv_btnm.o(.text)
    lv_btnm_clear_btn_ctrl                   0x08018425   Thumb Code    54  lv_btnm.o(.text)
    lv_btnm_clear_btn_ctrl_all               0x0801845b   Thumb Code    44  lv_btnm.o(.text)
    lv_btnm_get_btn_ctrl                     0x08018487   Thumb Code    48  lv_btnm.o(.text)
    lv_btnm_create                           0x08018993   Thumb Code   324  lv_btnm.o(.text)
    lv_btnm_set_ctrl_map                     0x08018ad7   Thumb Code    36  lv_btnm.o(.text)
    lv_btnm_set_pressed                      0x08018afb   Thumb Code    50  lv_btnm.o(.text)
    lv_btnm_set_recolor                      0x08018b2d   Thumb Code    34  lv_btnm.o(.text)
    lv_btnm_set_btn_ctrl_all                 0x08018b4f   Thumb Code    44  lv_btnm.o(.text)
    lv_btnm_set_btn_width                    0x08018b7b   Thumb Code    74  lv_btnm.o(.text)
    lv_btnm_set_one_toggle                   0x08018bc5   Thumb Code    36  lv_btnm.o(.text)
    lv_btnm_get_recolor                      0x08018be9   Thumb Code    22  lv_btnm.o(.text)
    lv_btnm_get_active_btn                   0x08018bff   Thumb Code    16  lv_btnm.o(.text)
    lv_btnm_get_btn_text                     0x08018c0f   Thumb Code    84  lv_btnm.o(.text)
    lv_btnm_get_active_btn_text              0x08018c63   Thumb Code    36  lv_btnm.o(.text)
    lv_btnm_get_pressed_btn                  0x08018c87   Thumb Code    16  lv_btnm.o(.text)
    lv_btnm_get_one_toggle                   0x08018c97   Thumb Code    22  lv_btnm.o(.text)
    lv_chart_create                          0x08019c4d   Thumb Code   304  lv_chart.o(.text)
    lv_chart_add_series                      0x08019d7d   Thumb Code   134  lv_chart.o(.text)
    lv_chart_clear_serie                     0x08019e03   Thumb Code    58  lv_chart.o(.text)
    lv_chart_set_div_line_count              0x08019e3d   Thumb Code    48  lv_chart.o(.text)
    lv_chart_refresh                         0x08019e6d   Thumb Code    12  lv_chart.o(.text)
    lv_chart_set_range                       0x08019e79   Thumb Code    52  lv_chart.o(.text)
    lv_chart_set_type                        0x08019ead   Thumb Code    34  lv_chart.o(.text)
    lv_chart_set_point_count                 0x08019ecf   Thumb Code   304  lv_chart.o(.text)
    lv_chart_set_series_opa                  0x08019fff   Thumb Code    38  lv_chart.o(.text)
    lv_chart_set_series_width                0x0801a025   Thumb Code    36  lv_chart.o(.text)
    lv_chart_set_series_darking              0x0801a049   Thumb Code    38  lv_chart.o(.text)
    lv_chart_init_points                     0x0801a06f   Thumb Code    54  lv_chart.o(.text)
    lv_chart_set_points                      0x0801a0a5   Thumb Code    44  lv_chart.o(.text)
    lv_chart_set_next                        0x0801a263   Thumb Code   180  lv_chart.o(.text)
    lv_chart_set_update_mode                 0x0801a317   Thumb Code    42  lv_chart.o(.text)
    lv_chart_set_x_tick_length               0x0801a341   Thumb Code    30  lv_chart.o(.text)
    lv_chart_set_y_tick_length               0x0801a35f   Thumb Code    26  lv_chart.o(.text)
    lv_chart_set_x_tick_texts                0x0801a379   Thumb Code    34  lv_chart.o(.text)
    lv_chart_set_y_tick_texts                0x0801a39b   Thumb Code    30  lv_chart.o(.text)
    lv_chart_set_margin                      0x0801a3b9   Thumb Code    24  lv_chart.o(.text)
    lv_chart_get_type                        0x0801a3d1   Thumb Code    16  lv_chart.o(.text)
    lv_chart_get_point_cnt                   0x0801a3e1   Thumb Code    16  lv_chart.o(.text)
    lv_chart_get_series_opa                  0x0801a3f1   Thumb Code    18  lv_chart.o(.text)
    lv_chart_get_series_width                0x0801a403   Thumb Code    18  lv_chart.o(.text)
    lv_chart_get_series_darking              0x0801a415   Thumb Code    18  lv_chart.o(.text)
    lv_chart_get_margin                      0x0801a427   Thumb Code    16  lv_chart.o(.text)
    lv_cont_get_layout                       0x0801ab19   Thumb Code    20  lv_cont.o(.text)
    lv_cont_create                           0x0801aea1   Thumb Code   240  lv_cont.o(.text)
    lv_cont_set_layout                       0x0801af91   Thumb Code    48  lv_cont.o(.text)
    lv_cont_set_fit4                         0x0801afc1   Thumb Code   120  lv_cont.o(.text)
    lv_cont_get_fit_left                     0x0801b039   Thumb Code    20  lv_cont.o(.text)
    lv_cont_get_fit_right                    0x0801b04d   Thumb Code    18  lv_cont.o(.text)
    lv_cont_get_fit_top                      0x0801b05f   Thumb Code    20  lv_cont.o(.text)
    lv_cont_get_fit_bottom                   0x0801b073   Thumb Code    20  lv_cont.o(.text)
    lv_ddlist_get_style                      0x0801b0b9   Thumb Code    54  lv_ddlist.o(.text)
    lv_ddlist_set_style                      0x0801b119   Thumb Code    84  lv_ddlist.o(.text)
    lv_ddlist_set_options                    0x0801b357   Thumb Code   154  lv_ddlist.o(.text)
    lv_ddlist_create                         0x0801ba9d   Thumb Code   554  lv_ddlist.o(.text)
    lv_ddlist_set_selected                   0x0801bcc7   Thumb Code    70  lv_ddlist.o(.text)
    lv_ddlist_set_fix_height                 0x0801bd0d   Thumb Code    40  lv_ddlist.o(.text)
    lv_ddlist_set_fix_width                  0x0801bd35   Thumb Code   146  lv_ddlist.o(.text)
    lv_ddlist_set_draw_arrow                 0x0801bdc7   Thumb Code    28  lv_ddlist.o(.text)
    lv_ddlist_set_stay_open                  0x0801bde3   Thumb Code    28  lv_ddlist.o(.text)
    lv_ddlist_set_align                      0x0801bdff   Thumb Code    92  lv_ddlist.o(.text)
    lv_ddlist_get_options                    0x0801be5b   Thumb Code    20  lv_ddlist.o(.text)
    lv_ddlist_get_selected                   0x0801be6f   Thumb Code    16  lv_ddlist.o(.text)
    lv_ddlist_get_selected_str               0x0801be7f   Thumb Code   126  lv_ddlist.o(.text)
    lv_ddlist_get_fix_height                 0x0801befd   Thumb Code    18  lv_ddlist.o(.text)
    lv_ddlist_get_draw_arrow                 0x0801bf0f   Thumb Code    22  lv_ddlist.o(.text)
    lv_ddlist_get_stay_open                  0x0801bf25   Thumb Code    22  lv_ddlist.o(.text)
    lv_ddlist_get_align                      0x0801bf3b   Thumb Code    20  lv_ddlist.o(.text)
    lv_ddlist_open                           0x0801bf4f   Thumb Code    56  lv_ddlist.o(.text)
    lv_ddlist_close                          0x0801bf87   Thumb Code    94  lv_ddlist.o(.text)
    lv_gauge_set_needle_count                0x0801c035   Thumb Code   108  lv_gauge.o(.text)
    lv_gauge_set_scale                       0x0801c0a1   Thumb Code    44  lv_gauge.o(.text)
    lv_gauge_create                          0x0801c607   Thumb Code   294  lv_gauge.o(.text)
    lv_gauge_set_value                       0x0801c72d   Thumb Code    86  lv_gauge.o(.text)
    lv_gauge_get_value                       0x0801c783   Thumb Code    44  lv_gauge.o(.text)
    lv_gauge_get_needle_count                0x0801c7af   Thumb Code    16  lv_gauge.o(.text)
    lv_gauge_get_label_count                 0x0801c7bf   Thumb Code    16  lv_gauge.o(.text)
    lv_img_get_auto_size                     0x0801c7fd   Thumb Code    20  lv_img.o(.text)
    lv_img_set_src                           0x0801c811   Thumb Code   330  lv_img.o(.text)
    lv_img_create                            0x0801cb8d   Thumb Code   238  lv_img.o(.text)
    lv_img_set_auto_size                     0x0801cc7b   Thumb Code    24  lv_img.o(.text)
    lv_img_set_offset_x                      0x0801cc93   Thumb Code    34  lv_img.o(.text)
    lv_img_set_offset_y                      0x0801ccb5   Thumb Code    34  lv_img.o(.text)
    lv_img_get_src                           0x0801ccd7   Thumb Code    16  lv_img.o(.text)
    lv_img_get_file_name                     0x0801cce7   Thumb Code    30  lv_img.o(.text)
    lv_img_get_offset_x                      0x0801cd05   Thumb Code    18  lv_img.o(.text)
    lv_img_get_offset_y                      0x0801cd17   Thumb Code    18  lv_img.o(.text)
    lv_label_get_text                        0x0801cdd1   Thumb Code    16  lv_label.o(.text)
    lv_label_get_letter_on                   0x0801cde1   Thumb Code   394  lv_label.o(.text)
    lv_label_set_static_text                 0x0801d38d   Thumb Code    58  lv_label.o(.text)
    lv_label_set_text                        0x0801d3c7   Thumb Code   152  lv_label.o(.text)
    lv_label_get_align                       0x0801d45f   Thumb Code    20  lv_label.o(.text)
    lv_label_set_align                       0x0801d473   Thumb Code    44  lv_label.o(.text)
    lv_label_get_body_draw                   0x0801d49f   Thumb Code    20  lv_label.o(.text)
    lv_label_set_body_draw                   0x0801d4b3   Thumb Code    50  lv_label.o(.text)
    lv_label_get_recolor                     0x0801d4e5   Thumb Code    20  lv_label.o(.text)
    lv_label_set_recolor                     0x0801d4f9   Thumb Code    44  lv_label.o(.text)
    lv_label_get_long_mode                   0x0801d525   Thumb Code    20  lv_label.o(.text)
    lv_label_set_long_mode                   0x0801d5c9   Thumb Code   128  lv_label.o(.text)
    lv_label_get_text_sel_end                0x0801d7a1   Thumb Code     8  lv_label.o(.text)
    lv_label_get_text_sel_start              0x0801d7a9   Thumb Code     8  lv_label.o(.text)
    lv_label_create                          0x0801da11   Thumb Code   480  lv_label.o(.text)
    lv_label_set_array_text                  0x0801dbf1   Thumb Code   120  lv_label.o(.text)
    lv_label_set_anim_speed                  0x0801dc69   Thumb Code    54  lv_label.o(.text)
    lv_label_set_text_sel_start              0x0801dc9f   Thumb Code     2  lv_label.o(.text)
    lv_label_set_text_sel_end                0x0801dca1   Thumb Code     2  lv_label.o(.text)
    lv_label_get_anim_speed                  0x0801dca3   Thumb Code    16  lv_label.o(.text)
    lv_label_get_letter_pos                  0x0801dcb3   Thumb Code   408  lv_label.o(.text)
    lv_label_is_char_under_pos               0x0801de4b   Thumb Code   448  lv_label.o(.text)
    lv_label_ins_text                        0x0801e00b   Thumb Code   120  lv_label.o(.text)
    lv_label_cut_text                        0x0801e083   Thumb Code    64  lv_label.o(.text)
    lv_list_get_prev_btn                     0x0801e12f   Thumb Code    66  lv_list.o(.text)
    lv_list_set_style                        0x0801e171   Thumb Code   196  lv_list.o(.text)
    lv_list_get_next_btn                     0x0801e235   Thumb Code    66  lv_list.o(.text)
    lv_list_get_btn_label                    0x0801e2b5   Thumb Code    52  lv_list.o(.text)
    lv_list_get_btn_text                     0x0801e2e9   Thumb Code    26  lv_list.o(.text)
    lv_list_set_btn_selected                 0x0801e303   Thumb Code   124  lv_list.o(.text)
    lv_list_get_btn_selected                 0x0801e37f   Thumb Code    16  lv_list.o(.text)
    lv_list_add_btn                          0x0801e521   Thumb Code   348  lv_list.o(.text)
    lv_list_get_btn_img                      0x0801e6bb   Thumb Code    52  lv_list.o(.text)
    lv_list_create                           0x0801e9c1   Thumb Code   480  lv_list.o(.text)
    lv_list_clean                            0x0801eba1   Thumb Code    34  lv_list.o(.text)
    lv_list_remove                           0x0801ebc3   Thumb Code    90  lv_list.o(.text)
    lv_list_set_single_mode                  0x0801ec1d   Thumb Code    20  lv_list.o(.text)
    lv_list_get_single_mode                  0x0801ec31   Thumb Code    22  lv_list.o(.text)
    lv_list_get_btn_index                    0x0801ec47   Thumb Code    68  lv_list.o(.text)
    lv_list_get_size                         0x0801ec8b   Thumb Code    18  lv_list.o(.text)
    lv_list_get_style                        0x0801ec9d   Thumb Code   116  lv_list.o(.text)
    lv_list_up                               0x0801ed11   Thumb Code   258  lv_list.o(.text)
    lv_list_down                             0x0801ee13   Thumb Code   166  lv_list.o(.text)
    lv_list_focus                            0x0801eeb9   Thumb Code    50  lv_list.o(.text)
    lv_lmeter_create                         0x0801f215   Thumb Code   190  lv_lmeter.o(.text)
    lv_lmeter_set_value                      0x0801f2d3   Thumb Code    76  lv_lmeter.o(.text)
    lv_lmeter_set_range                      0x0801f31f   Thumb Code    92  lv_lmeter.o(.text)
    lv_lmeter_set_scale                      0x0801f37b   Thumb Code    48  lv_lmeter.o(.text)
    lv_lmeter_get_value                      0x0801f3ab   Thumb Code    18  lv_lmeter.o(.text)
    lv_lmeter_get_min_value                  0x0801f3bd   Thumb Code    18  lv_lmeter.o(.text)
    lv_lmeter_get_max_value                  0x0801f3cf   Thumb Code    18  lv_lmeter.o(.text)
    lv_lmeter_get_line_count                 0x0801f3e1   Thumb Code    16  lv_lmeter.o(.text)
    lv_lmeter_get_scale_angle                0x0801f3f1   Thumb Code    16  lv_lmeter.o(.text)
    lv_page_get_scrl                         0x0801f431   Thumb Code    16  lv_page.o(.text)
    lv_page_get_style                        0x0801f851   Thumb Code    74  lv_page.o(.text)
    lv_page_scroll_hor                       0x0801fb67   Thumb Code   100  lv_page.o(.text)
    lv_page_scroll_ver                       0x0801fbcb   Thumb Code   100  lv_page.o(.text)
    lv_page_set_style                        0x0801ff23   Thumb Code   114  lv_page.o(.text)
    lv_page_set_sb_mode                      0x0801ff95   Thumb Code   124  lv_page.o(.text)
    lv_page_start_edge_flash                 0x08020067   Thumb Code   112  lv_page.o(.text)
    lv_page_create                           0x080206e1   Thumb Code   554  lv_page.o(.text)
    lv_page_clean                            0x0802090b   Thumb Code    20  lv_page.o(.text)
    lv_page_set_anim_time                    0x0802091f   Thumb Code    18  lv_page.o(.text)
    lv_page_set_scroll_propagation           0x08020931   Thumb Code    28  lv_page.o(.text)
    lv_page_set_edge_flash                   0x0802094d   Thumb Code    28  lv_page.o(.text)
    lv_page_get_anim_time                    0x08020969   Thumb Code    16  lv_page.o(.text)
    lv_page_get_sb_mode                      0x08020979   Thumb Code    20  lv_page.o(.text)
    lv_page_get_scroll_propagation           0x0802098d   Thumb Code    22  lv_page.o(.text)
    lv_page_get_edge_flash                   0x080209a3   Thumb Code    22  lv_page.o(.text)
    lv_page_get_fit_width                    0x080209b9   Thumb Code    52  lv_page.o(.text)
    lv_page_get_fit_height                   0x080209ed   Thumb Code    50  lv_page.o(.text)
    lv_page_on_edge                          0x08020a1f   Thumb Code   206  lv_page.o(.text)
    lv_page_glue_obj                         0x08020aed   Thumb Code    24  lv_page.o(.text)
    lv_page_focus                            0x08020b05   Thumb Code   526  lv_page.o(.text)
    lv_roller_set_style                      0x0802101b   Thumb Code    42  lv_roller.o(.text)
    lv_roller_set_visible_row_count          0x08021045   Thumb Code    70  lv_roller.o(.text)
    lv_roller_get_style                      0x0802108b   Thumb Code    36  lv_roller.o(.text)
    lv_roller_get_selected                   0x08021445   Thumb Code    58  lv_roller.o(.text)
    lv_roller_set_selected                   0x0802147f   Thumb Code    40  lv_roller.o(.text)
    lv_roller_create                         0x080216a3   Thumb Code   330  lv_roller.o(.text)
    lv_roller_set_options                    0x080217ed   Thumb Code   164  lv_roller.o(.text)
    lv_roller_set_align                      0x08021891   Thumb Code   144  lv_roller.o(.text)
    lv_roller_get_align                      0x08021921   Thumb Code    34  lv_roller.o(.text)
    lv_roller_get_hor_fit                    0x08021943   Thumb Code    28  lv_roller.o(.text)
    lv_table_set_col_cnt                     0x08021b5f   Thumb Code   112  lv_table.o(.text)
    lv_table_set_row_cnt                     0x08021bcf   Thumb Code   104  lv_table.o(.text)
    lv_table_set_style                       0x08021c37   Thumb Code    94  lv_table.o(.text)
    lv_table_create                          0x080220af   Thumb Code   308  lv_table.o(.text)
    lv_table_set_cell_value                  0x080221e3   Thumb Code   166  lv_table.o(.text)
    lv_table_set_col_width                   0x08022289   Thumb Code    44  lv_table.o(.text)
    lv_table_set_cell_align                  0x080222b5   Thumb Code   116  lv_table.o(.text)
    lv_table_set_cell_type                   0x08022329   Thumb Code   130  lv_table.o(.text)
    lv_table_set_cell_crop                   0x080223ab   Thumb Code   116  lv_table.o(.text)
    lv_table_set_cell_merge_right            0x0802241f   Thumb Code   158  lv_table.o(.text)
    lv_table_get_cell_value                  0x080224bd   Thumb Code    68  lv_table.o(.text)
    lv_table_get_row_cnt                     0x08022501   Thumb Code    16  lv_table.o(.text)
    lv_table_get_col_cnt                     0x08022511   Thumb Code    16  lv_table.o(.text)
    lv_table_get_col_width                   0x08022521   Thumb Code    32  lv_table.o(.text)
    lv_table_get_cell_align                  0x08022541   Thumb Code    74  lv_table.o(.text)
    lv_table_get_cell_type                   0x0802258b   Thumb Code    76  lv_table.o(.text)
    lv_table_get_cell_crop                   0x080225d7   Thumb Code    74  lv_table.o(.text)
    lv_table_get_cell_merge_right            0x08022621   Thumb Code    74  lv_table.o(.text)
    lv_table_get_style                       0x0802266b   Thumb Code    70  lv_table.o(.text)
    lv_tabview_get_tab                       0x080226c1   Thumb Code    64  lv_tabview.o(.text)
    lv_tabview_get_anim_time                 0x08022701   Thumb Code    16  lv_tabview.o(.text)
    lv_tabview_set_tab_act                   0x08022711   Thumb Code   596  lv_tabview.o(.text)
    lv_tabview_get_tab_act                   0x08022965   Thumb Code    16  lv_tabview.o(.text)
    lv_tabview_get_sliding                   0x08022c65   Thumb Code    20  lv_tabview.o(.text)
    lv_tabview_get_style                     0x08022ce7   Thumb Code   116  lv_tabview.o(.text)
    lv_tabview_add_tab                       0x080233ff   Thumb Code   662  lv_tabview.o(.text)
    lv_tabview_set_style                     0x08023695   Thumb Code   190  lv_tabview.o(.text)
    lv_tabview_create                        0x08023939   Thumb Code   782  lv_tabview.o(.text)
    lv_tabview_clean                         0x08023c47   Thumb Code    20  lv_tabview.o(.text)
    lv_tabview_set_sliding                   0x08023c5b   Thumb Code    24  lv_tabview.o(.text)
    lv_tabview_set_anim_time                 0x08023c73   Thumb Code    18  lv_tabview.o(.text)
    lv_tabview_set_btns_pos                  0x08023c85   Thumb Code    30  lv_tabview.o(.text)
    lv_tabview_set_btns_hidden               0x08023ca3   Thumb Code    30  lv_tabview.o(.text)
    lv_tabview_get_tab_count                 0x08023cc1   Thumb Code    16  lv_tabview.o(.text)
    lv_tabview_get_btns_pos                  0x08023cd1   Thumb Code    20  lv_tabview.o(.text)
    lv_tabview_get_btns_hidden               0x08023ce5   Thumb Code    20  lv_tabview.o(.text)
    lv_theme_set_current                     0x08023d11   Thumb Code    40  lv_theme.o(.text)
    lv_theme_get_current                     0x08023d39   Thumb Code     6  lv_theme.o(.text)
    lv_port_disp_init                        0x08023d6d   Thumb Code    66  lv_port_disp.o(.text)
    lv_port_indev_init                       0x08023e0d   Thumb Code    30  lv_port_indev.o(.text)
    temperture1_add                          0x08023e3d   Thumb Code    56  chart_win.o(.text)
    humitidy1_add                            0x08023e75   Thumb Code    56  chart_win.o(.text)
    temperture2_add                          0x08023ead   Thumb Code    56  chart_win.o(.text)
    humitidy2_add                            0x08023ee5   Thumb Code    56  chart_win.o(.text)
    temperture3_add                          0x08023f1d   Thumb Code    56  chart_win.o(.text)
    humitidy3_add                            0x08023f55   Thumb Code    56  chart_win.o(.text)
    char_win_start                           0x08023f8d   Thumb Code  1642  chart_win.o(.text)
    control_win_start                        0x080246a3   Thumb Code   490  control_win.o(.text)
    update_label                             0x080248f1   Thumb Code   170  gauge_win.o(.text)
    gauge_update                             0x0802499b   Thumb Code   218  gauge_win.o(.text)
    guege_win_start                          0x08024a75   Thumb Code  1718  gauge_win.o(.text)
    main_win_create                          0x0802525d   Thumb Code   440  main_win.o(.text)
    ui_app_start                             0x080254b5   Thumb Code    44  ui_app.o(.text)
    general_win_create                       0x08025543   Thumb Code   152  ui_app.o(.text)
    industry_add                             0x08025621   Thumb Code   124  industry_win.o(.text)
    industry_win_start                       0x0802569d   Thumb Code   258  industry_win.o(.text)
    vListInitialise                          0x08025809   Thumb Code    26  list.o(.text)
    vListInitialiseItem                      0x08025823   Thumb Code     6  list.o(.text)
    vListInsertEnd                           0x08025829   Thumb Code    24  list.o(.text)
    vListInsert                              0x08025841   Thumb Code    52  list.o(.text)
    uxListRemove                             0x08025875   Thumb Code    40  list.o(.text)
    xQueueGenericReset                       0x0802589d   Thumb Code   136  queue.o(.text)
    xQueueGenericCreate                      0x08025953   Thumb Code    78  queue.o(.text)
    xQueueGenericSend                        0x08025b49   Thumb Code   456  queue.o(.text)
    xQueueCreateMutex                        0x08025d2d   Thumb Code    34  queue.o(.text)
    xQueueGiveMutexRecursive                 0x08025d4f   Thumb Code    66  queue.o(.text)
    xQueueGenericReceive                     0x08025dd5   Thumb Code   428  queue.o(.text)
    xQueueTakeMutexRecursive                 0x08025f81   Thumb Code    76  queue.o(.text)
    xQueueCreateCountingSemaphore            0x08025fcd   Thumb Code    80  queue.o(.text)
    xQueueGenericSendFromISR                 0x0802601d   Thumb Code   252  queue.o(.text)
    xQueueGiveFromISR                        0x08026119   Thumb Code   228  queue.o(.text)
    xQueueReceiveFromISR                     0x080261fd   Thumb Code   190  queue.o(.text)
    xQueuePeekFromISR                        0x080262bb   Thumb Code   158  queue.o(.text)
    uxQueueMessagesWaiting                   0x08026359   Thumb Code    36  queue.o(.text)
    uxQueueSpacesAvailable                   0x0802637d   Thumb Code    42  queue.o(.text)
    uxQueueMessagesWaitingFromISR            0x080263a7   Thumb Code    28  queue.o(.text)
    vQueueUnregisterQueue                    0x080263c3   Thumb Code    44  queue.o(.text)
    vQueueDelete                             0x080263ef   Thumb Code    38  queue.o(.text)
    uxQueueGetQueueNumber                    0x08026415   Thumb Code     6  queue.o(.text)
    vQueueSetQueueNumber                     0x0802641b   Thumb Code     4  queue.o(.text)
    ucQueueGetQueueType                      0x0802641f   Thumb Code     8  queue.o(.text)
    xQueueIsQueueEmptyFromISR                0x08026427   Thumb Code    36  queue.o(.text)
    xQueueIsQueueFullFromISR                 0x0802644b   Thumb Code    40  queue.o(.text)
    vQueueAddToRegistry                      0x08026473   Thumb Code    38  queue.o(.text)
    pcQueueGetName                           0x08026499   Thumb Code    38  queue.o(.text)
    vQueueWaitForMessageRestricted           0x080264bf   Thumb Code    74  queue.o(.text)
    xQueueCreateSet                          0x08026509   Thumb Code    20  queue.o(.text)
    xQueueAddToSet                           0x0802651d   Thumb Code    38  queue.o(.text)
    xQueueRemoveFromSet                      0x08026543   Thumb Code    48  queue.o(.text)
    xQueueSelectFromSet                      0x08026573   Thumb Code    26  queue.o(.text)
    xQueueSelectFromSetFromISR               0x0802658d   Thumb Code    22  queue.o(.text)
    xTaskCreate                              0x08026735   Thumb Code    96  tasks.o(.text)
    vTaskDelete                              0x080267d1   Thumb Code   192  tasks.o(.text)
    xTaskIncrementTick                       0x08026891   Thumb Code   392  tasks.o(.text)
    xTaskResumeAll                           0x08026a19   Thumb Code   218  tasks.o(.text)
    vTaskSuspendAll                          0x08026b6f   Thumb Code    12  tasks.o(.text)
    vTaskDelay                               0x08026b7b   Thumb Code    76  tasks.o(.text)
    eTaskGetState                            0x08026bc7   Thumb Code   106  tasks.o(.text)
    vTaskSwitchContext                       0x08026c31   Thumb Code   114  tasks.o(.text)
    vTaskSuspend                             0x08026ca3   Thumb Code   190  tasks.o(.text)
    vTaskResume                              0x08026dad   Thumb Code   192  tasks.o(.text)
    xTaskResumeFromISR                       0x08026e6d   Thumb Code   152  tasks.o(.text)
    vTaskStartScheduler                      0x08026f7b   Thumb Code   112  tasks.o(.text)
    vTaskEndScheduler                        0x08026feb   Thumb Code    32  tasks.o(.text)
    xTaskGetTickCount                        0x0802700b   Thumb Code     6  tasks.o(.text)
    xTaskGetTickCountFromISR                 0x08027011   Thumb Code    16  tasks.o(.text)
    uxTaskGetNumberOfTasks                   0x08027021   Thumb Code     6  tasks.o(.text)
    pcTaskGetName                            0x08027027   Thumb Code    40  tasks.o(.text)
    vTaskGetInfo                             0x08027065   Thumb Code   114  tasks.o(.text)
    uxTaskGetSystemState                     0x08027141   Thumb Code   152  tasks.o(.text)
    vTaskPlaceOnEventList                    0x080271d9   Thumb Code    46  tasks.o(.text)
    vTaskPlaceOnUnorderedEventList           0x08027207   Thumb Code   168  tasks.o(.text)
    vTaskPlaceOnEventListRestricted          0x080272af   Thumb Code    54  tasks.o(.text)
    xTaskRemoveFromEventList                 0x080272e5   Thumb Code   122  tasks.o(.text)
    xTaskRemoveFromUnorderedEventList        0x0802735f   Thumb Code   142  tasks.o(.text)
    vTaskSetTimeOutState                     0x080273ed   Thumb Code    36  tasks.o(.text)
    xTaskCheckForTimeOut                     0x08027411   Thumb Code   124  tasks.o(.text)
    vTaskMissedYield                         0x0802748d   Thumb Code     8  tasks.o(.text)
    uxTaskGetTaskNumber                      0x08027495   Thumb Code    14  tasks.o(.text)
    vTaskSetTaskNumber                       0x080274a3   Thumb Code     8  tasks.o(.text)
    xTaskGetCurrentTaskHandle                0x080274ab   Thumb Code     6  tasks.o(.text)
    xTaskGetSchedulerState                   0x080274b1   Thumb Code    24  tasks.o(.text)
    vTaskPriorityInherit                     0x080274c9   Thumb Code   164  tasks.o(.text)
    xTaskPriorityDisinherit                  0x0802756d   Thumb Code   176  tasks.o(.text)
    vTaskList                                0x08027647   Thumb Code   244  tasks.o(.text)
    uxTaskResetEventItemValue                0x0802773b   Thumb Code    24  tasks.o(.text)
    pvTaskIncrementMutexHeldCount            0x08027753   Thumb Code    26  tasks.o(.text)
    ulTaskNotifyTake                         0x0802776d   Thumb Code   108  tasks.o(.text)
    xTaskNotifyWait                          0x080277d9   Thumb Code   150  tasks.o(.text)
    xTaskGenericNotify                       0x0802786f   Thumb Code   230  tasks.o(.text)
    xTaskGenericNotifyFromISR                0x08027955   Thumb Code   284  tasks.o(.text)
    vTaskNotifyGiveFromISR                   0x08027a71   Thumb Code   250  tasks.o(.text)
    xTaskNotifyStateClear                    0x08027b6b   Thumb Code    48  tasks.o(.text)
    xTimerGenericCommand                     0x08027bf9   Thumb Code   116  timers.o(.text)
    xTimerCreateTimerTask                    0x08027f3f   Thumb Code    56  timers.o(.text)
    xTimerCreate                             0x08028019   Thumb Code    48  timers.o(.text)
    xTimerGetTimerDaemonTaskHandle           0x08028049   Thumb Code    38  timers.o(.text)
    xTimerGetPeriod                          0x0802806f   Thumb Code    28  timers.o(.text)
    xTimerGetExpiryTime                      0x0802808b   Thumb Code    30  timers.o(.text)
    pcTimerGetName                           0x080280a9   Thumb Code    28  timers.o(.text)
    xTimerIsTimerActive                      0x080280c5   Thumb Code    50  timers.o(.text)
    pvTimerGetTimerID                        0x080280f7   Thumb Code    38  timers.o(.text)
    vTimerSetTimerID                         0x0802811d   Thumb Code    38  timers.o(.text)
    pvPortMalloc                             0x0802820b   Thumb Code   262  heap_4.o(.text)
    vPortFree                                0x08028311   Thumb Code   120  heap_4.o(.text)
    xPortGetFreeHeapSize                     0x08028389   Thumb Code     6  heap_4.o(.text)
    xPortGetMinimumEverFreeHeapSize          0x0802838f   Thumb Code     6  heap_4.o(.text)
    vPortInitialiseBlocks                    0x08028395   Thumb Code     2  heap_4.o(.text)
    pxPortInitialiseStack                    0x08028419   Thumb Code    30  port.o(.text)
    vPortSetupTimerInterrupt                 0x08028437   Thumb Code    26  port.o(.text)
    xPortStartScheduler                      0x08028451   Thumb Code   140  port.o(.text)
    vPortEndScheduler                        0x080284dd   Thumb Code    34  port.o(.text)
    vPortEnterCritical                       0x080284ff   Thumb Code    70  port.o(.text)
    vPortExitCritical                        0x08028545   Thumb Code    48  port.o(.text)
    xPortSysTickHandler                      0x08028575   Thumb Code    54  port.o(.text)
    vPortValidateInterruptPriority           0x080285ab   Thumb Code    88  port.o(.text)
    __aeabi_memcpy                           0x0802865d   Thumb Code    36  memcpya.o(.text)
    __aeabi_memcpy4                          0x0802865d   Thumb Code     0  memcpya.o(.text)
    __aeabi_memcpy8                          0x0802865d   Thumb Code     0  memcpya.o(.text)
    __aeabi_memset                           0x08028681   Thumb Code    14  memseta.o(.text)
    __aeabi_memset4                          0x08028681   Thumb Code     0  memseta.o(.text)
    __aeabi_memset8                          0x08028681   Thumb Code     0  memseta.o(.text)
    __aeabi_memclr                           0x0802868f   Thumb Code     4  memseta.o(.text)
    __aeabi_memclr4                          0x0802868f   Thumb Code     0  memseta.o(.text)
    __aeabi_memclr8                          0x0802868f   Thumb Code     0  memseta.o(.text)
    _memset$wrapper                          0x08028693   Thumb Code    18  memseta.o(.text)
    strlen                                   0x080286a5   Thumb Code    14  strlen.o(.text)
    strcmp                                   0x080286b3   Thumb Code    28  strcmp.o(.text)
    strcpy                                   0x080286cf   Thumb Code    18  strcpy.o(.text)
    __aeabi_fadd                             0x080286e1   Thumb Code   164  fadd.o(.text)
    __aeabi_fsub                             0x08028785   Thumb Code     6  fadd.o(.text)
    __aeabi_frsub                            0x0802878b   Thumb Code     6  fadd.o(.text)
    __aeabi_fmul                             0x08028791   Thumb Code   100  fmul.o(.text)
    __aeabi_fdiv                             0x080287f5   Thumb Code   124  fdiv.o(.text)
    __aeabi_dmul                             0x08028871   Thumb Code   228  dmul.o(.text)
    __aeabi_i2f                              0x08028955   Thumb Code    18  fflti.o(.text)
    __aeabi_ui2f                             0x08028967   Thumb Code    10  ffltui.o(.text)
    __aeabi_ui2d                             0x08028971   Thumb Code    26  dfltui.o(.text)
    __aeabi_f2iz                             0x0802898b   Thumb Code    50  ffixi.o(.text)
    __aeabi_f2uiz                            0x080289bd   Thumb Code    40  ffixui.o(.text)
    __aeabi_d2uiz                            0x080289e5   Thumb Code    50  dfixui.o(.text)
    __aeabi_f2d                              0x08028a17   Thumb Code    38  f2d.o(.text)
    __aeabi_cdcmpeq                          0x08028a3d   Thumb Code     0  cdcmple.o(.text)
    __aeabi_cdcmple                          0x08028a3d   Thumb Code    48  cdcmple.o(.text)
    __aeabi_cdrcmple                         0x08028a6d   Thumb Code    48  cdrcmple.o(.text)
    __aeabi_uldivmod                         0x08028a9d   Thumb Code    98  uldiv.o(.text)
    __aeabi_llsr                             0x08028aff   Thumb Code    32  llushr.o(.text)
    _ll_ushift_r                             0x08028aff   Thumb Code     0  llushr.o(.text)
    __I$use$fp                               0x08028b1f   Thumb Code     0  iusefp.o(.text)
    _float_round                             0x08028b1f   Thumb Code    18  fepilogue.o(.text)
    _float_epilogue                          0x08028b31   Thumb Code    92  fepilogue.o(.text)
    _double_round                            0x08028b8d   Thumb Code    30  depilogue.o(.text)
    _double_epilogue                         0x08028bab   Thumb Code   156  depilogue.o(.text)
    _dsqrt                                   0x08028c47   Thumb Code   162  dsqrt.o(.text)
    __scatterload                            0x08028ce9   Thumb Code    28  init.o(.text)
    __scatterload_rt2                        0x08028ce9   Thumb Code     0  init.o(.text)
    __aeabi_llsl                             0x08028d0d   Thumb Code    30  llshl.o(.text)
    _ll_shift_l                              0x08028d0d   Thumb Code     0  llshl.o(.text)
    __decompress                             0x08028d2b   Thumb Code     0  __dczerorl2.o(.text)
    __decompress1                            0x08028d2b   Thumb Code    86  __dczerorl2.o(.text)
    __0printf$8                              0x08028d81   Thumb Code    22  printf8.o(i.__0printf$8)
    __1printf$8                              0x08028d81   Thumb Code     0  printf8.o(i.__0printf$8)
    __2printf                                0x08028d81   Thumb Code     0  printf8.o(i.__0printf$8)
    __0sprintf$8                             0x08028da1   Thumb Code    34  printf8.o(i.__0sprintf$8)
    __1sprintf$8                             0x08028da1   Thumb Code     0  printf8.o(i.__0sprintf$8)
    __2sprintf                               0x08028da1   Thumb Code     0  printf8.o(i.__0sprintf$8)
    __scatterload_copy                       0x08028dc9   Thumb Code    14  handlers.o(i.__scatterload_copy)
    __scatterload_null                       0x08028dd7   Thumb Code     2  handlers.o(i.__scatterload_null)
    __scatterload_zeroinit                   0x08028dd9   Thumb Code    14  handlers.o(i.__scatterload_zeroinit)
    __set_errno                              0x08028de9   Thumb Code     6  errno.o(i.__set_errno)
    sqrt                                     0x08029261   Thumb Code    76  sqrt.o(i.sqrt)
    asc2_1206                                0x080292ac   Data        1140  lcd.o(.constdata)
    asc2_1608                                0x08029720   Data        1520  lcd.o(.constdata)
    asc2_2412                                0x08029d10   Data        3420  lcd.o(.constdata)
    TP_REMIND_MSG_TBL                        0x0802aa6c   Data           4  touch.o(.constdata)
    TABLE_COL_WIDTH                          0x0802abec   Data           8  gauge_win.o(.constdata)
    Region$$Table$$Base                      0x080305b8   Number         0  anon$$obj.o(Region$$Table)
    Region$$Table$$Limit                     0x080305d8   Number         0  anon$$obj.o(Region$$Table)
    StartTask_Handler                        0x20000000   Data           4  main.o(.data)
    MqttTask_Handler                         0x20000004   Data           4  main.o(.data)
    ZigbeeTask_Handler                       0x20000008   Data           4  main.o(.data)
    Esp8266Task_Handler                      0x2000000c   Data           4  main.o(.data)
    ScreenTask_Handler                       0x20000010   Data           4  main.o(.data)
    Rfid_Handler                             0x20000014   Data           4  main.o(.data)
    MessageFromZigbee_Queue                  0x20000018   Data           4  main.o(.data)
    MessageFromEsp8266_Queue                 0x2000001c   Data           4  main.o(.data)
    Mqtt_Queue                               0x20000020   Data           4  main.o(.data)
    KeyValue                                 0x20000024   Data           6  main.o(.data)
    SystemCoreClock                          0x2000002c   Data           4  system_stm32f10x.o(.data)
    AHBPrescTable                            0x20000030   Data          16  system_stm32f10x.o(.data)
    POINT_COLOR                              0x20000042   Data           2  lcd.o(.data)
    BACK_COLOR                               0x20000044   Data           2  lcd.o(.data)
    tp_dev                                   0x20000048   Data          52  touch.o(.data)
    CMD_RDX                                  0x2000007c   Data           1  touch.o(.data)
    CMD_RDY                                  0x2000007d   Data           1  touch.o(.data)
    USART3_RX_CNT                            0x2000007e   Data           1  usart3.o(.data)
    USART2_RX_CNT                            0x20000080   Data           1  usart2.o(.data)
    USART2_RX_STA                            0x20000082   Data           2  usart2.o(.data)
    __stdout                                 0x20000088   Data           4  usart.o(.data)
    USART_RX_STA                             0x2000008c   Data           2  usart.o(.data)
    _lv_img_cache_array                      0x20000104   Data           4  lv_gc.o(.data)
    _lv_task_act                             0x20000108   Data           4  lv_gc.o(.data)
    _lv_draw_buf                             0x2000010c   Data           4  lv_gc.o(.data)
    lv_txt_encoded_size                      0x2000012c   Data           4  lv_txt.o(.data)
    lv_txt_unicode_to_encoded                0x20000130   Data           4  lv_txt.o(.data)
    lv_txt_encoded_conv_wc                   0x20000134   Data           4  lv_txt.o(.data)
    lv_txt_encoded_next                      0x20000138   Data           4  lv_txt.o(.data)
    lv_txt_encoded_prev                      0x2000013c   Data           4  lv_txt.o(.data)
    lv_txt_encoded_get_byte_id               0x20000140   Data           4  lv_txt.o(.data)
    lv_encoded_get_char_id                   0x20000144   Data           4  lv_txt.o(.data)
    lv_txt_get_encoded_length                0x20000148   Data           4  lv_txt.o(.data)
    roller1                                  0x20000228   Data           4  control_win.o(.data)
    roller2                                  0x2000022c   Data           4  control_win.o(.data)
    roller3                                  0x20000230   Data           4  control_win.o(.data)
    temperture_array                         0x20000256   Data           3  gauge_win.o(.data)
    humidity_array                           0x20000259   Data           3  gauge_win.o(.data)
    table_value                              0x2000025c   Data          48  gauge_win.o(.data)
    now_screen                               0x2000028c   Data           1  main_win.o(.data)
    main_win                                 0x20000290   Data           4  main_win.o(.data)
    gauge_btn                                0x20000294   Data           4  main_win.o(.data)
    chart_btn                                0x20000298   Data           4  main_win.o(.data)
    control_btn                              0x2000029c   Data           4  main_win.o(.data)
    industry_btn                             0x200002a0   Data           4  main_win.o(.data)
    close_btn                                0x200002a4   Data           4  main_win.o(.data)
    industry_temperture                      0x200002a8   Data           4  industry_win.o(.data)
    industry_humidity                        0x200002ac   Data           4  industry_win.o(.data)
    industry_co2                             0x200002b0   Data           4  industry_win.o(.data)
    industry_value                           0x200002b4   Data          30  industry_win.o(.data)
    myzigbee_font                            0x200002f0   Data          16  myzigbee_font.o(.data)
    myzigbee_font2                           0x2000031c   Data          16  myzigbee_font2.o(.data)
    pxCurrentTCB                             0x2000032c   Data           4  tasks.o(.data)
    lcddev                                   0x200003a4   Data          14  lcd.o(.bss)
    USART3_RX_BUF                            0x200003b2   Data          30  usart3.o(.bss)
    USART2_RX_BUF                            0x200003d0   Data          30  usart2.o(.bss)
    USART_RX_BUF                             0x200003ee   Data         200  usart.o(.bss)
    lv_style_scr                             0x200004b8   Data          60  lv_style.o(.bss)
    lv_style_transp                          0x200004f4   Data          60  lv_style.o(.bss)
    lv_style_transp_fit                      0x20000530   Data          60  lv_style.o(.bss)
    lv_style_transp_tight                    0x2000056c   Data          60  lv_style.o(.bss)
    lv_style_plain                           0x200005a8   Data          60  lv_style.o(.bss)
    lv_style_plain_color                     0x200005e4   Data          60  lv_style.o(.bss)
    lv_style_pretty                          0x20000620   Data          60  lv_style.o(.bss)
    lv_style_pretty_color                    0x2000065c   Data          60  lv_style.o(.bss)
    lv_style_btn_rel                         0x20000698   Data          60  lv_style.o(.bss)
    lv_style_btn_pr                          0x200006d4   Data          60  lv_style.o(.bss)
    lv_style_btn_tgl_rel                     0x20000710   Data          60  lv_style.o(.bss)
    lv_style_btn_tgl_pr                      0x2000074c   Data          60  lv_style.o(.bss)
    lv_style_btn_ina                         0x20000788   Data          60  lv_style.o(.bss)
    _lv_task_ll                              0x20001564   Data          12  lv_gc.o(.bss)
    _lv_disp_ll                              0x20001570   Data          12  lv_gc.o(.bss)
    _lv_indev_ll                             0x2000157c   Data          12  lv_gc.o(.bss)
    _lv_drv_ll                               0x20001588   Data          12  lv_gc.o(.bss)
    _lv_file_ll                              0x20001594   Data          12  lv_gc.o(.bss)
    _lv_anim_ll                              0x200015a0   Data          12  lv_gc.o(.bss)
    _lv_group_ll                             0x200015ac   Data          12  lv_gc.o(.bss)
    _lv_img_defoder_ll                       0x200015b8   Data          12  lv_gc.o(.bss)
    temperture1_y                            0x200068a0   Data          12  chart_win.o(.bss)
    humitidy1_y                              0x200068ac   Data          12  chart_win.o(.bss)
    temperture2_y                            0x200068b8   Data          12  chart_win.o(.bss)
    humitidy2_y                              0x200068c4   Data          12  chart_win.o(.bss)
    temperture3_y                            0x200068d0   Data          12  chart_win.o(.bss)
    humitidy3_y                              0x200068dc   Data          12  chart_win.o(.bss)
    cell1_style                              0x20006a8c   Data          60  gauge_win.o(.bss)
    cell2_style                              0x20006ac8   Data          60  gauge_win.o(.bss)
    cell3_style                              0x20006b04   Data          60  gauge_win.o(.bss)
    xQueueRegistry                           0x20006d5c   Data          64  queue.o(.bss)
    __initial_sp                             0x2000c8a8   Data           0  startup_stm32f10x_hd.o(STACK)



==============================================================================

Memory Map of the image

  Image Entry point : 0x08000131

  Load Region LR_IROM1 (Base: 0x08000000, Size: 0x0003097c, Max: 0x00080000, ABSOLUTE, COMPRESSED[0x000306c0])

    Execution Region ER_IROM1 (Base: 0x08000000, Size: 0x000305d8, Max: 0x00080000, ABSOLUTE)

    Base Addr    Size         Type   Attr      Idx    E Section Name        Object

    0x08000000   0x00000130   Data   RO          775    RESET               startup_stm32f10x_hd.o
    0x08000130   0x00000000   Code   RO         4986  * .ARM.Collect$$$$00000000  mc_w.l(entry.o)
    0x08000130   0x00000004   Code   RO         5288    .ARM.Collect$$$$00000001  mc_w.l(entry2.o)
    0x08000134   0x00000004   Code   RO         5291    .ARM.Collect$$$$00000004  mc_w.l(entry5.o)
    0x08000138   0x00000000   Code   RO         5293    .ARM.Collect$$$$00000008  mc_w.l(entry7b.o)
    0x08000138   0x00000000   Code   RO         5295    .ARM.Collect$$$$0000000A  mc_w.l(entry8b.o)
    0x08000138   0x00000008   Code   RO         5296    .ARM.Collect$$$$0000000B  mc_w.l(entry9a.o)
    0x08000140   0x00000000   Code   RO         5298    .ARM.Collect$$$$0000000D  mc_w.l(entry10a.o)
    0x08000140   0x00000000   Code   RO         5300    .ARM.Collect$$$$0000000F  mc_w.l(entry11a.o)
    0x08000140   0x00000004   Code   RO         5289    .ARM.Collect$$$$00002712  mc_w.l(entry2.o)
    0x08000144   0x00000096   Code   RO         4948    .emb_text           port.o
    0x080001da   0x00000002   PAD
    0x080001dc   0x000005b8   Code   RO            1    .text               main.o
    0x08000794   0x00000014   Code   RO          464    .text               stm32f10x_it.o
    0x080007a8   0x000001e0   Code   RO          505    .text               system_stm32f10x.o
    0x08000988   0x0000004c   Code   RO          523    .text               led.o
    0x080009d4   0x000000d8   Code   RO          535    .text               key.o
    0x08000aac   0x00004a56   Code   RO          548    .text               lcd.o
    0x08005502   0x00000002   PAD
    0x08005504   0x00000f2c   Code   RO          571    .text               touch.o
    0x08006430   0x0000026c   Code   RO          595    .text               myiic.o
    0x0800669c   0x0000017a   Code   RO          607    .text               24cxx.o
    0x08006816   0x00000002   PAD
    0x08006818   0x00000194   Code   RO          619    .text               usart3.o
    0x080069ac   0x00000190   Code   RO          652    .text               usart2.o
    0x08006b3c   0x000000c4   Code   RO          672    .text               rc522_config.o
    0x08006c00   0x00000786   Code   RO          684    .text               rc522_function.o
    0x08007386   0x00000002   PAD
    0x08007388   0x00000104   Code   RO          696    .text               delay.o
    0x0800748c   0x00000140   Code   RO          737    .text               usart.o
    0x080075cc   0x00000024   Code   RO          776    .text               startup_stm32f10x_hd.o
    0x080075f0   0x000000dc   Code   RO          780    .text               misc.o
    0x080076cc   0x0000060c   Code   RO          792    .text               stm32f10x_fsmc.o
    0x08007cd8   0x0000035c   Code   RO          804    .text               stm32f10x_gpio.o
    0x08008034   0x000003a4   Code   RO          816    .text               stm32f10x_rcc.o
    0x080083d8   0x00000408   Code   RO          842    .text               stm32f10x_usart.o
    0x080087e0   0x00000112   Code   RO          866    .text               lv_disp.o
    0x080088f2   0x00000002   PAD
    0x080088f4   0x00000880   Code   RO          946    .text               lv_group.o
    0x08009174   0x0000142c   Code   RO         1045    .text               lv_indev.o
    0x0800a5a0   0x00001864   Code   RO         1087    .text               lv_obj.o
    0x0800be04   0x00000054   Code   RO         1169    .text               lv_font.o
    0x0800be58   0x000007f0   Code   RO         1200    .text               lv_refr.o
    0x0800c648   0x00000a94   Code   RO         1227    .text               lv_style.o
    0x0800d0dc   0x000012cc   Code   RO         1258    .text               lv_theme_night.o
    0x0800e3a8   0x000002dc   Code   RO         1360    .text               lv_hal_disp.o
    0x0800e684   0x000000f8   Code   RO         1447    .text               lv_hal_indev.o
    0x0800e77c   0x0000004c   Code   RO         1521    .text               lv_hal_tick.o
    0x0800e7c8   0x00000164   Code   RO         1787    .text               lv_draw.o
    0x0800e92c   0x000009fe   Code   RO         1896    .text               lv_draw_basic.o
    0x0800f32a   0x00000002   PAD
    0x0800f32c   0x00000954   Code   RO         1968    .text               lv_draw_img.o
    0x0800fc80   0x00000544   Code   RO         1996    .text               lv_draw_label.o
    0x080101c4   0x00001484   Code   RO         2025    .text               lv_draw_line.o
    0x08011648   0x00002d2a   Code   RO         2049    .text               lv_draw_rect.o
    0x08014372   0x00000a42   Code   RO         2087    .text               lv_draw_triangle.o
    0x08014db4   0x00000208   Code   RO         2099    .text               lv_img_cache.o
    0x08014fbc   0x00000760   Code   RO         2129    .text               lv_img_decoder.o
    0x0801571c   0x00000374   Code   RO         2183    .text               lv_font_fmt_txt.o
    0x08015a90   0x0000051a   Code   RO         2228    .text               lv_anim.o
    0x08015faa   0x00000216   Code   RO         2302    .text               lv_area.o
    0x080161c0   0x0000005c   Code   RO         2317    .text               lv_async.o
    0x0801621c   0x00000062   Code   RO         2335    .text               lv_circ.o
    0x0801627e   0x000001ec   Code   RO         2353    .text               lv_color.o
    0x0801646a   0x0000037a   Code   RO         2403    .text               lv_ll.o
    0x080167e4   0x000000cc   Code   RO         2421    .text               lv_math.o
    0x080168b0   0x00000300   Code   RO         2435    .text               lv_mem.o
    0x08016bb0   0x00000364   Code   RO         2450    .text               lv_task.o
    0x08016f14   0x00000684   Code   RO         2473    .text               lv_txt.o
    0x08017598   0x000000d4   Code   RO         2498    .text               lv_utils.o
    0x0801766c   0x00000548   Code   RO         2713    .text               lv_btn.o
    0x08017bb4   0x00001144   Code   RO         2742    .text               lv_btnm.o
    0x08018cf8   0x00001754   Code   RO         2931    .text               lv_chart.o
    0x0801a44c   0x00000c6c   Code   RO         2972    .text               lv_cont.o
    0x0801b0b8   0x00000f7a   Code   RO         2998    .text               lv_ddlist.o
    0x0801c032   0x00000002   PAD
    0x0801c034   0x000007c8   Code   RO         3046    .text               lv_gauge.o
    0x0801c7fc   0x00000548   Code   RO         3079    .text               lv_img.o
    0x0801cd44   0x000013ac   Code   RO         3154    .text               lv_label.o
    0x0801e0f0   0x00000e28   Code   RO         3238    .text               lv_list.o
    0x0801ef18   0x00000518   Code   RO         3267    .text               lv_lmeter.o
    0x0801f430   0x00001928   Code   RO         3361    .text               lv_page.o
    0x08020d58   0x00000c0c   Code   RO         3461    .text               lv_roller.o
    0x08021964   0x00000d5a   Code   RO         3618    .text               lv_table.o
    0x080226be   0x00000002   PAD
    0x080226c0   0x00001650   Code   RO         3644    .text               lv_tabview.o
    0x08023d10   0x00000034   Code   RO         3821    .text               lv_theme.o
    0x08023d44   0x0000007c   Code   RO         3871    .text               lv_port_disp.o
    0x08023dc0   0x0000007c   Code   RO         4127    .text               lv_port_indev.o
    0x08023e3c   0x00000810   Code   RO         4402    .text               chart_win.o
    0x0802464c   0x000002a4   Code   RO         4585    .text               control_win.o
    0x080248f0   0x000008c8   Code   RO         4606    .text               gauge_win.o
    0x080251b8   0x000002fc   Code   RO         4628    .text               main_win.o
    0x080254b4   0x0000016c   Code   RO         4654    .text               ui_app.o
    0x08025620   0x000001e8   Code   RO         4667    .text               industry_win.o
    0x08025808   0x00000094   Code   RO         4860    .text               list.o
    0x0802589c   0x00000d0c   Code   RO         4872    .text               queue.o
    0x080265a8   0x00001600   Code   RO         4887    .text               tasks.o
    0x08027ba8   0x000005a0   Code   RO         4918    .text               timers.o
    0x08028148   0x000002a0   Code   RO         4933    .text               heap_4.o
    0x080283e8   0x00000274   Code   RO         4949    .text               port.o
    0x0802865c   0x00000024   Code   RO         4989    .text               mc_w.l(memcpya.o)
    0x08028680   0x00000024   Code   RO         4991    .text               mc_w.l(memseta.o)
    0x080286a4   0x0000000e   Code   RO         4993    .text               mc_w.l(strlen.o)
    0x080286b2   0x0000001c   Code   RO         4995    .text               mc_w.l(strcmp.o)
    0x080286ce   0x00000012   Code   RO         4997    .text               mc_w.l(strcpy.o)
    0x080286e0   0x000000b0   Code   RO         5262    .text               mf_w.l(fadd.o)
    0x08028790   0x00000064   Code   RO         5264    .text               mf_w.l(fmul.o)
    0x080287f4   0x0000007c   Code   RO         5266    .text               mf_w.l(fdiv.o)
    0x08028870   0x000000e4   Code   RO         5268    .text               mf_w.l(dmul.o)
    0x08028954   0x00000012   Code   RO         5270    .text               mf_w.l(fflti.o)
    0x08028966   0x0000000a   Code   RO         5272    .text               mf_w.l(ffltui.o)
    0x08028970   0x0000001a   Code   RO         5274    .text               mf_w.l(dfltui.o)
    0x0802898a   0x00000032   Code   RO         5276    .text               mf_w.l(ffixi.o)
    0x080289bc   0x00000028   Code   RO         5278    .text               mf_w.l(ffixui.o)
    0x080289e4   0x00000032   Code   RO         5280    .text               mf_w.l(dfixui.o)
    0x08028a16   0x00000026   Code   RO         5282    .text               mf_w.l(f2d.o)
    0x08028a3c   0x00000030   Code   RO         5284    .text               mf_w.l(cdcmple.o)
    0x08028a6c   0x00000030   Code   RO         5286    .text               mf_w.l(cdrcmple.o)
    0x08028a9c   0x00000062   Code   RO         5304    .text               mc_w.l(uldiv.o)
    0x08028afe   0x00000020   Code   RO         5306    .text               mc_w.l(llushr.o)
    0x08028b1e   0x00000000   Code   RO         5315    .text               mc_w.l(iusefp.o)
    0x08028b1e   0x0000006e   Code   RO         5316    .text               mf_w.l(fepilogue.o)
    0x08028b8c   0x000000ba   Code   RO         5318    .text               mf_w.l(depilogue.o)
    0x08028c46   0x000000a2   Code   RO         5324    .text               mf_w.l(dsqrt.o)
    0x08028ce8   0x00000024   Code   RO         5328    .text               mc_w.l(init.o)
    0x08028d0c   0x0000001e   Code   RO         5330    .text               mc_w.l(llshl.o)
    0x08028d2a   0x00000056   Code   RO         5342    .text               mc_w.l(__dczerorl2.o)
    0x08028d80   0x00000020   Code   RO         5208    i.__0printf$8       mc_w.l(printf8.o)
    0x08028da0   0x00000028   Code   RO         5210    i.__0sprintf$8      mc_w.l(printf8.o)
    0x08028dc8   0x0000000e   Code   RO         5336    i.__scatterload_copy  mc_w.l(handlers.o)
    0x08028dd6   0x00000002   Code   RO         5337    i.__scatterload_null  mc_w.l(handlers.o)
    0x08028dd8   0x0000000e   Code   RO         5338    i.__scatterload_zeroinit  mc_w.l(handlers.o)
    0x08028de6   0x00000002   PAD
    0x08028de8   0x0000000c   Code   RO         5310    i.__set_errno       mc_w.l(errno.o)
    0x08028df4   0x00000410   Code   RO         5215    i._printf_core      mc_w.l(printf8.o)
    0x08029204   0x00000024   Code   RO         5216    i._printf_post_padding  mc_w.l(printf8.o)
    0x08029228   0x0000002e   Code   RO         5217    i._printf_pre_padding  mc_w.l(printf8.o)
    0x08029256   0x0000000a   Code   RO         5219    i._sputc            mc_w.l(printf8.o)
    0x08029260   0x0000004c   Code   RO         4979    i.sqrt              m_ws.l(sqrt.o)
    0x080292ac   0x000017c0   Data   RO          550    .constdata          lcd.o
    0x0802aa6c   0x00000004   Data   RO          572    .constdata          touch.o
    0x0802aa70   0x0000002e   Data   RO          947    .constdata          lv_group.o
    0x0802aa9e   0x00000002   PAD
    0x0802aaa0   0x00000016   Data   RO         1229    .constdata          lv_style.o
    0x0802aab6   0x00000002   PAD
    0x0802aab8   0x00000002   Data   RO         1260    .constdata          lv_theme_night.o
    0x0802aaba   0x00000002   PAD
    0x0802aabc   0x00000002   Data   RO         1361    .constdata          lv_hal_disp.o
    0x0802aabe   0x00000024   Data   RO         1788    .constdata          lv_draw.o
    0x0802aae2   0x00000011   Data   RO         2050    .constdata          lv_draw_rect.o
    0x0802aaf3   0x00000001   PAD
    0x0802aaf4   0x000000b6   Data   RO         2422    .constdata          lv_math.o
    0x0802abaa   0x00000002   PAD
    0x0802abac   0x00000002   Data   RO         3047    .constdata          lv_gauge.o
    0x0802abae   0x00000002   PAD
    0x0802abb0   0x0000003a   Data   RO         4404    .constdata          chart_win.o
    0x0802abea   0x00000002   PAD
    0x0802abec   0x0000005a   Data   RO         4608    .constdata          gauge_win.o
    0x0802ac46   0x00000002   PAD
    0x0802ac48   0x0000326c   Data   RO         4683    .constdata          myzigbee_font.o
    0x0802deb4   0x00002624   Data   RO         4693    .constdata          myzigbee_font2.o
    0x080304d8   0x00000079   Data   RO          573    .conststring        touch.o
    0x08030551   0x00000003   PAD
    0x08030554   0x0000002d   Data   RO         2743    .conststring        lv_btnm.o
    0x08030581   0x00000003   PAD
    0x08030584   0x00000034   Data   RO         4609    .conststring        gauge_win.o
    0x080305b8   0x00000020   Data   RO         5334    Region$$Table       anon$$obj.o


    Execution Region RW_IRAM1 (Base: 0x20000000, Size: 0x0000c8a8, Max: 0x00010000, ABSOLUTE, COMPRESSED[0x000000e8])

    Base Addr    Size         Type   Attr      Idx    E Section Name        Object

    0x20000000   0x0000002a   Data   RW            2    .data               main.o
    0x2000002a   0x00000002   PAD
    0x2000002c   0x00000014   Data   RW          506    .data               system_stm32f10x.o
    0x20000040   0x00000001   Data   RW          536    .data               key.o
    0x20000041   0x00000001   PAD
    0x20000042   0x00000004   Data   RW          551    .data               lcd.o
    0x20000046   0x00000002   PAD
    0x20000048   0x00000036   Data   RW          574    .data               touch.o
    0x2000007e   0x00000001   Data   RW          621    .data               usart3.o
    0x2000007f   0x00000001   PAD
    0x20000080   0x00000004   Data   RW          654    .data               usart2.o
    0x20000084   0x00000004   Data   RW          697    .data               delay.o
    0x20000088   0x00000006   Data   RW          739    .data               usart.o
    0x2000008e   0x00000014   Data   RW          817    .data               stm32f10x_rcc.o
    0x200000a2   0x00000002   PAD
    0x200000a4   0x00000008   Data   RW         1046    .data               lv_indev.o
    0x200000ac   0x0000000c   Data   RW         1088    .data               lv_obj.o
    0x200000b8   0x00000008   Data   RW         1201    .data               lv_refr.o
    0x200000c0   0x00000008   Data   RW         1261    .data               lv_theme_night.o
    0x200000c8   0x00000004   Data   RW         1362    .data               lv_hal_disp.o
    0x200000cc   0x00000005   Data   RW         1522    .data               lv_hal_tick.o
    0x200000d1   0x00000003   PAD
    0x200000d4   0x00000024   Data   RW         1789    .data               lv_draw.o
    0x200000f8   0x00000002   Data   RW         2100    .data               lv_img_cache.o
    0x200000fa   0x00000002   PAD
    0x200000fc   0x00000005   Data   RW         2229    .data               lv_anim.o
    0x20000101   0x00000003   PAD
    0x20000104   0x0000000c   Data   RW         2378    .data               lv_gc.o
    0x20000110   0x00000008   Data   RW         2437    .data               lv_mem.o
    0x20000118   0x00000014   Data   RW         2451    .data               lv_task.o
    0x2000012c   0x00000020   Data   RW         2474    .data               lv_txt.o
    0x2000014c   0x00000008   Data   RW         2714    .data               lv_btn.o
    0x20000154   0x00000024   Data   RW         2744    .data               lv_btnm.o
    0x20000178   0x00000008   Data   RW         2932    .data               lv_chart.o
    0x20000180   0x00000004   Data   RW         2973    .data               lv_cont.o
    0x20000184   0x0000000c   Data   RW         2999    .data               lv_ddlist.o
    0x20000190   0x00000008   Data   RW         3048    .data               lv_gauge.o
    0x20000198   0x00000004   Data   RW         3080    .data               lv_img.o
    0x2000019c   0x00000004   Data   RW         3155    .data               lv_label.o
    0x200001a0   0x00000010   Data   RW         3239    .data               lv_list.o
    0x200001b0   0x00000004   Data   RW         3268    .data               lv_lmeter.o
    0x200001b4   0x00000008   Data   RW         3362    .data               lv_page.o
    0x200001bc   0x00000008   Data   RW         3462    .data               lv_roller.o
    0x200001c4   0x00000008   Data   RW         3619    .data               lv_table.o
    0x200001cc   0x00000010   Data   RW         3646    .data               lv_tabview.o
    0x200001dc   0x00000004   Data   RW         3822    .data               lv_theme.o
    0x200001e0   0x00000004   Data   RW         4128    .data               lv_port_indev.o
    0x200001e4   0x00000038   Data   RW         4405    .data               chart_win.o
    0x2000021c   0x0000001c   Data   RW         4586    .data               control_win.o
    0x20000238   0x00000054   Data   RW         4610    .data               gauge_win.o
    0x2000028c   0x0000001c   Data   RW         4630    .data               main_win.o
    0x200002a8   0x0000002a   Data   RW         4668    .data               industry_win.o
    0x200002d2   0x00000002   PAD
    0x200002d4   0x0000002c   Data   RW         4684    .data               myzigbee_font.o
    0x20000300   0x0000002c   Data   RW         4694    .data               myzigbee_font2.o
    0x2000032c   0x0000003c   Data   RW         4889    .data               tasks.o
    0x20000368   0x00000014   Data   RW         4920    .data               timers.o
    0x2000037c   0x00000018   Data   RW         4935    .data               heap_4.o
    0x20000394   0x0000000c   Data   RW         4950    .data               port.o
    0x200003a0   0x00000004   Data   RW         5311    .data               mc_w.l(errno.o)
    0x200003a4   0x0000000e   Zero   RW          549    .bss                lcd.o
    0x200003b2   0x0000001e   Zero   RW          620    .bss                usart3.o
    0x200003d0   0x0000001e   Zero   RW          653    .bss                usart2.o
    0x200003ee   0x000000c8   Zero   RW          738    .bss                usart.o
    0x200004b6   0x00000002   PAD
    0x200004b8   0x0000030c   Zero   RW         1228    .bss                lv_style.o
    0x200007c4   0x00000da0   Zero   RW         1259    .bss                lv_theme_night.o
    0x20001564   0x00000060   Zero   RW         2377    .bss                lv_gc.o
    0x200015c4   0x00004000   Zero   RW         2436    .bss                lv_mem.o
    0x200055c4   0x000012dc   Zero   RW         3872    .bss                lv_port_disp.o
    0x200068a0   0x000001ec   Zero   RW         4403    .bss                chart_win.o
    0x20006a8c   0x00000294   Zero   RW         4607    .bss                gauge_win.o
    0x20006d20   0x0000003c   Zero   RW         4629    .bss                main_win.o
    0x20006d5c   0x00000040   Zero   RW         4873    .bss                queue.o
    0x20006d9c   0x000002e4   Zero   RW         4888    .bss                tasks.o
    0x20007080   0x00000028   Zero   RW         4919    .bss                timers.o
    0x200070a8   0x00005000   Zero   RW         4934    .bss                heap_4.o
    0x2000c0a8   0x00000800   Zero   RW          773    STACK               startup_stm32f10x_hd.o


==============================================================================

Image component sizes


      Code (inc. data)   RO Data    RW Data    ZI Data      Debug   Object Name

       378          0          0          0          0       2610   24cxx.o
      2064        266         58         56        492      33635   chart_win.o
       676         84          0         28          0       3178   control_win.o
       260         18          0          4          0       1433   delay.o
         0          0          0          0          0      10260   event_groups.o
      2248        306        142         84        660       5627   gauge_win.o
       672         82          0         24      20480       3192   heap_4.o
       488        106          0         42          0       1923   industry_win.o
       216         14          0          1          0        788   key.o
     19030        162       6080          4         14      21630   lcd.o
        76          8          0          0          0        479   led.o
       148          0          0          0          0       1782   list.o
      1306         18          0          5          0      16182   lv_anim.o
         0          0          0          0          0      26895   lv_arc.o
       534          0          0          0          0       4131   lv_area.o
        92          6          0          0          0       1988   lv_async.o
         0          0          0          0          0      12715   lv_bar.o
      1352         56          0          8          0      14162   lv_btn.o
      4420         78         45         36          0      15649   lv_btnm.o
         0          0          0          0          0       3583   lv_calendar.o
         0          0          0          0          0       5074   lv_canvas.o
         0          0          0          0          0       4832   lv_cb.o
      5972         58          0          8          0      31969   lv_chart.o
        98          0          0          0          0       2049   lv_circ.o
       492          6          0          0          0       4422   lv_color.o
      3180         22          0          4          0      15414   lv_cont.o
      3962        110          0         12          0      26262   lv_ddlist.o
       274          0          0          0          0      20994   lv_disp.o
       356         12         36         36          0      19166   lv_draw.o
      2558         24          0          0          0      22896   lv_draw_basic.o
      2388         58          0          0          0      16525   lv_draw_img.o
      1348         22          0          0          0      10851   lv_draw_label.o
      5252          0          0          0          0       6359   lv_draw_line.o
     11562         16         17          0          0      20117   lv_draw_rect.o
      2626          0          0          0          0       4635   lv_draw_triangle.o
        84          0          0          0          0       2658   lv_font.o
       884         14          0          0          0       6207   lv_font_fmt_txt.o
      1992         40          2          8          0       9364   lv_gauge.o
         0          0          0         12         96       7846   lv_gc.o
      2176         36         46          0          0      31889   lv_group.o
       732         20          2          4          0      25135   lv_hal_disp.o
       248          8          0          0          0      21764   lv_hal_indev.o
        76         10          0          5          0       1504   lv_hal_tick.o
      1352         28          0          4          0       6249   lv_img.o
       520         14          0          2          0       2650   lv_img_cache.o
      1888         28          0          0          0      13586   lv_img_decoder.o
      5164         36          0          8          0      23560   lv_indev.o
      5036        108          0          4          0      24949   lv_label.o
      3624        136          0         16          0      18826   lv_list.o
       890          0          0          0          0       5465   lv_ll.o
      1304         30          0          4          0      22400   lv_lmeter.o
       204          4        182          0          0       1630   lv_math.o
         0          0          0          0          0       6956   lv_mbox.o
       768         14          0          8      16384       3995   lv_mem.o
      6244        106          0         12          0      36373   lv_obj.o
      6440        102          0          8          0      42666   lv_page.o
       124         18          0          0       4828      23711   lv_port_disp.o
       124         18          0          4          0       1141   lv_port_indev.o
      2032         14          0          8          0       6501   lv_refr.o
      3084         56          0          8          0      28005   lv_roller.o
      2708         84         22          0        780       9093   lv_style.o
      3418         58          0          8          0      18610   lv_table.o
      5712        104          0         16          0      22470   lv_tabview.o
       868         40          0         20          0       4524   lv_task.o
        52          6          0          4          0       1244   lv_theme.o
      4812        382          2          8       3488      31480   lv_theme_night.o
         0          0          0          0          0      15478   lv_theme_zen.o
      1668         36          0         32          0       9416   lv_txt.o
       212          0          0          0          0       1387   lv_utils.o
      1464        306          0         42          0     258636   main.o
       764        146          0         28         60       5702   main_win.o
       220         22          0          0          0       1765   misc.o
       620         14          0          0          0       1840   myiic.o
         0          0      12908         44          0        672   myzigbee_font.o
         0          0       9764         44          0       1709   myzigbee_font2.o
       778        102          0         12          0       7647   port.o
      3340         52          0          0         64      15614   queue.o
       196          4          0          0          0        697   rc522_config.o
      1926          4          0          0          0       7248   rc522_function.o
        36          8        304          0       2048        776   startup_stm32f10x_hd.o
      1548         18          0          0          0       5311   stm32f10x_fsmc.o
       860         38          0          0          0       5609   stm32f10x_gpio.o
        20          0          0          0          0        891   stm32f10x_it.o
       932         36          0         20          0       8764   stm32f10x_rcc.o
      1032         22          0          0          0       8336   stm32f10x_usart.o
         0          0          0          0          0         32   sys.o
       480         38          0         20          0       1683   system_stm32f10x.o
      5632        376          0         60        740      29312   tasks.o
      1440        110          0         20         40       7411   timers.o
      3884        216        125         54          0       6481   touch.o
       364         70          0          0          0       1643   ui_app.o
       320         16          0          6        200       3102   usart.o
       400         36          0          4         30       1999   usart2.o
       404         36          0          1         30       1960   usart3.o

    ----------------------------------------------------------------------
    165144       4752      29788        928      50436    1266979   Object Totals
         0          0         32          0          0          0   (incl. Generated)
        16          0         21         18          2          0   (incl. Padding)

    ----------------------------------------------------------------------

      Code (inc. data)   RO Data    RW Data    ZI Data      Debug   Library Member Name

        76          0          0          0          0         84   sqrt.o
        86          0          0          0          0          0   __dczerorl2.o
         0          0          0          0          0          0   entry.o
         0          0          0          0          0          0   entry10a.o
         0          0          0          0          0          0   entry11a.o
         8          4          0          0          0          0   entry2.o
         4          0          0          0          0          0   entry5.o
         0          0          0          0          0          0   entry7b.o
         0          0          0          0          0          0   entry8b.o
         8          4          0          0          0          0   entry9a.o
        12          6          0          4          0         68   errno.o
        30          0          0          0          0          0   handlers.o
        36          8          0          0          0         68   init.o
         0          0          0          0          0          0   iusefp.o
        30          0          0          0          0         68   llshl.o
        32          0          0          0          0         68   llushr.o
        36          0          0          0          0         68   memcpya.o
        36          0          0          0          0        108   memseta.o
      1204         60          0          0          0        504   printf8.o
        28          0          0          0          0         76   strcmp.o
        18          0          0          0          0         68   strcpy.o
        14          0          0          0          0         68   strlen.o
        98          0          0          0          0         92   uldiv.o
        48          0          0          0          0         68   cdcmple.o
        48          0          0          0          0         68   cdrcmple.o
       186          0          0          0          0        176   depilogue.o
        50          0          0          0          0         76   dfixui.o
        26          0          0          0          0         76   dfltui.o
       228          0          0          0          0         96   dmul.o
       162          0          0          0          0        100   dsqrt.o
        38          0          0          0          0         68   f2d.o
       176          0          0          0          0        140   fadd.o
       124          0          0          0          0         88   fdiv.o
       110          0          0          0          0        168   fepilogue.o
        50          0          0          0          0         68   ffixi.o
        40          0          0          0          0         68   ffixui.o
        18          0          0          0          0         68   fflti.o
        10          0          0          0          0         68   ffltui.o
       100          0          0          0          0         76   fmul.o

    ----------------------------------------------------------------------
      3172         82          0          4          0       2812   Library Totals
         2          0          0          0          0          0   (incl. Padding)

    ----------------------------------------------------------------------

      Code (inc. data)   RO Data    RW Data    ZI Data      Debug   Library Name

        76          0          0          0          0         84   m_ws.l
      1680         82          0          4          0       1256   mc_w.l
      1414          0          0          0          0       1472   mf_w.l

    ----------------------------------------------------------------------
      3172         82          0          4          0       2812   Library Totals

    ----------------------------------------------------------------------

==============================================================================


      Code (inc. data)   RO Data    RW Data    ZI Data      Debug   

    168316       4834      29788        932      50436    1261755   Grand Totals
    168316       4834      29788        232      50436    1261755   ELF Image Totals (compressed)
    168316       4834      29788        232          0          0   ROM Totals

==============================================================================

    Total RO  Size (Code + RO Data)               198104 ( 193.46kB)
    Total RW  Size (RW Data + ZI Data)             51368 (  50.16kB)
    Total ROM Size (Code + RO Data + RW Data)     198336 ( 193.69kB)

==============================================================================

