<html>
<body>
<pre>
<h1>µVision Build Log</h1>
<h2>Tool Versions:</h2>
IDE-Version: ¦ÌVision V5.14.0.0
Copyright (C) 2015 ARM Ltd and ARM Germany GmbH. All rights reserved.
License Information: He ShaoGuang, guang, LIC=47GU5-GMXXM-FWT2N-YV10Q-52IW9-7HLG0
 
Tool Versions:
Toolchain:       MDK-ARM Standard  Version: 5.14.0.0
Toolchain Path:  C:\MDK5\ARM\ARMCC\Bin
C Compiler:      Armcc.exe V5.05 update 1 (build 106)
Assembler:       Armasm.exe V5.05 update 1 (build 106)
Linker/Locator:  ArmLink.exe V5.05 update 1 (build 106)
Library Manager: ArmAr.exe V5.05 update 1 (build 106)
Hex Converter:   FromElf.exe V5.05 update 1 (build 106)
CPU DLL:         SARMCM3.DLL V5.14.0.0
Dialog DLL:      DARMSTM.DLL V1.65.0.0
Target DLL:      STLink\ST-LINKIII-KEIL_SWO.dll V2.0.14.0_KEIL
Dialog DLL:      TARMSTM.DLL V1.64.0.0
 
<h2>Project:</h2>
C:\Users\75914\Desktop\ZigbeeProject2.0\USER\TOUCH.uvprojx
Project File Date:  05/15/2021

<h2>Output:</h2>
Build target 'TOUCH'
compiling main.c...
..\GUI_APP\lv_test_font.h(15): warning:  #1-D: last line of file ends without a newline
  #endif
main.c(200): warning:  #167-D: argument of type "u8 *" is incompatible with parameter of type "const char *"
                                printf("len:%d",strlen(ReceiveBuf));
main.c(203): warning:  #167-D: argument of type "u8 *" is incompatible with parameter of type "const char *"
                                for(i=0;i<strlen(ReceiveBuf);i++)
main.c(310): warning:  #167-D: argument of type "u8 *" is incompatible with parameter of type "const char *"
                                printf("len:%d",strlen(Esp8266Buf));
main.c(311): warning:  #167-D: argument of type "u8 *" is incompatible with parameter of type "const char *"
                                if(strlen(Esp8266Buf) == 4)
main.c(334): warning:  #167-D: argument of type "u8 *" is incompatible with parameter of type "const char *"
                        USART2_Send_Data(mqtt_buf,strlen(mqtt_buf));
main.c(359): warning:  #177-D: variable "writeValue" was declared but never referenced
        uint32_t writeValue = 100;
main.c(360): warning:  #177-D: variable "readValue" was declared but never referenced
        uint32_t readValue;
main.c: 8 warnings, 0 errors
linking...
Program Size: Code=168316 RO-data=29788 RW-data=932 ZI-data=50436  
FromELF: creating hex file...
"..\OBJ\TOUCH.axf" - 0 Error(s), 8 Warning(s).

<h2>Collection of Component include folders:</h2>
  C:\Users\75914\Desktop\ZigbeeProject2.0\USER\RTE
  C:\MDK5\ARM\PACK\Keil\STM32F1xx_DFP\1.0.5\Device\Include

<h2>Collection of Component Files used:</h2>
</pre>
</body>
</html>
